<html>
<body>
<pre>
<h1>µVision Build Log</h1>
<h2>Tool Versions:</h2>
IDE-Version: ¦ÌVision V5.43.1.0
Copyright (C) 2025 ARM Ltd and ARM Germany GmbH. All rights reserved.
License Information: E R, S, LIC=CZLZX-HY6DQ-HLUCL-0ETMR-BJKCX-D36UV
 
Tool Versions:
Toolchain:       MDK-ARM Plus  Version: 5.43.0.0
Toolchain Path:  D:\Software\KeilMDK\Core\ARM\ARMCLANG\Bin
C Compiler:      ArmClang.exe V6.24
Assembler:       Armasm.exe V6.24
Linker/Locator:  ArmLink.exe V6.24
Library Manager: ArmAr.exe V6.24
Hex Converter:   FromElf.exe V6.24
CPU DLL:         SARMCM3.DLL V5.43.0.0
Dialog DLL:      DCM.DLL V1.17.5.0
Target DLL:      UL2CM3.DLL V1.164.16.0
Dialog DLL:      TCM.DLL V1.56.6.0
 
<h2>Project:</h2>
D:\BaiduSyncdisk\Git\STM32H743IIT6_Module\MDK-ARM\STM32H743IIT6_Module.uvprojx
Project File Date:  05/27/2026

<h2>Output:</h2>
*** Using Compiler 'V6.24', folder: 'D:\Software\KeilMDK\Core\ARM\ARMCLANG\Bin'
Build target 'STM32H743IIT6_Module'
compiling led.c...
linking...
Program Size: Code=25844 RO-data=764 RW-data=20 ZI-data=1516  
FromELF: creating hex file...
"STM32H743IIT6_Module\STM32H743IIT6_Module.axf" - 0 Error(s), 0 Warning(s).

<h2>Software Packages used:</h2>

Package Vendor: ARM
                https://www.keil.com/pack/ARM.CMSIS.6.3.0.pack
                ARM::CMSIS@6.3.0
                CMSIS (Common Microcontroller Software Interface Standard)
   * Component: CORE Version: 6.2.0

Package Vendor: Keil
                https://www.keil.com/pack/Keil.STM32H7xx_DFP.4.1.3.pack
                Keil::STM32H7xx_DFP@4.1.3
                STMicroelectronics STM32H7 Series Device Support

<h2>Collection of Component include folders:</h2>
  ./RTE/_STM32H743IIT6_Module
  D:/Software/KeilMDK/Pack/ARM/CMSIS/6.3.0/CMSIS/Core/Include

<h2>Collection of Component Files used:</h2>

   * Component: ARM::CMSIS:CORE@6.2.0
      Include file:  CMSIS/Core/Include/tz_context.h
Build Time Elapsed:  00:00:00
</pre>
</body>
</html>
