Component: Arm Compiler for Embedded 6.24 Tool: armlink [5f371500]

==============================================================================

Section Cross References

    startup_stm32h743xx.o(RESET) refers to startup_stm32h743xx.o(STACK) for __initial_sp
    startup_stm32h743xx.o(RESET) refers to startup_stm32h743xx.o(.text) for Reset_Handler
    startup_stm32h743xx.o(RESET) refers to stm32h7xx_it.o(.text.NMI_Handler) for NMI_Handler
    startup_stm32h743xx.o(RESET) refers to stm32h7xx_it.o(.text.HardFault_Handler) for HardFault_Handler
    startup_stm32h743xx.o(RESET) refers to stm32h7xx_it.o(.text.MemManage_Handler) for MemManage_Handler
    startup_stm32h743xx.o(RESET) refers to stm32h7xx_it.o(.text.BusFault_Handler) for BusFault_Handler
    startup_stm32h743xx.o(RESET) refers to stm32h7xx_it.o(.text.UsageFault_Handler) for UsageFault_Handler
    startup_stm32h743xx.o(RESET) refers to stm32h7xx_it.o(.text.SVC_Handler) for SVC_Handler
    startup_stm32h743xx.o(RESET) refers to stm32h7xx_it.o(.text.DebugMon_Handler) for DebugMon_Handler
    startup_stm32h743xx.o(RESET) refers to stm32h7xx_it.o(.text.PendSV_Handler) for PendSV_Handler
    startup_stm32h743xx.o(RESET) refers to stm32h7xx_it.o(.text.SysTick_Handler) for SysTick_Handler
    startup_stm32h743xx.o(RESET) refers to stm32h7xx_it.o(.text.DMA1_Stream0_IRQHandler) for DMA1_Stream0_IRQHandler
    startup_stm32h743xx.o(RESET) refers to stm32h7xx_it.o(.text.USART1_IRQHandler) for USART1_IRQHandler
    startup_stm32h743xx.o(RESET) refers to stm32h7xx_it.o(.text.TIM6_DAC_IRQHandler) for TIM6_DAC_IRQHandler
    startup_stm32h743xx.o(.text) refers to system_stm32h7xx.o(.text.SystemInit) for SystemInit
    startup_stm32h743xx.o(.text) refers to entry.o(.ARM.Collect$$$$00000000) for __main
    main.o(.text.main) refers to stm32h7xx_hal.o(.text.HAL_Init) for HAL_Init
    main.o(.text.main) refers to main.o(.text.SystemClock_Config) for SystemClock_Config
    main.o(.text.main) refers to gpio.o(.text.MX_GPIO_Init) for MX_GPIO_Init
    main.o(.text.main) refers to dma.o(.text.MX_DMA_Init) for MX_DMA_Init
    main.o(.text.main) refers to tim.o(.text.MX_TIM6_Init) for MX_TIM6_Init
    main.o(.text.main) refers to usart.o(.text.MX_USART1_UART_Init) for MX_USART1_UART_Init
    main.o(.text.main) refers to i2c.o(.text.MX_I2C1_Init) for MX_I2C1_Init
    main.o(.text.main) refers to tim.o(.text.MX_TIM7_Init) for MX_TIM7_Init
    main.o(.text.main) refers to bsp.o(.text.Sys_Init) for Sys_Init
    main.o(.text.main) refers to bsp.o(.text.Sys_Run) for Sys_Run
    main.o(.ARM.exidx.text.main) refers to main.o(.text.main) for [Anonymous Symbol]
    main.o(.text.SystemClock_Config) refers to memseta.o(.text) for __aeabi_memclr4
    main.o(.text.SystemClock_Config) refers to stm32h7xx_hal_pwr_ex.o(.text.HAL_PWREx_ConfigSupply) for HAL_PWREx_ConfigSupply
    main.o(.text.SystemClock_Config) refers to stm32h7xx_hal_rcc.o(.text.HAL_RCC_OscConfig) for HAL_RCC_OscConfig
    main.o(.text.SystemClock_Config) refers to stm32h7xx_hal_rcc.o(.text.HAL_RCC_ClockConfig) for HAL_RCC_ClockConfig
    main.o(.ARM.exidx.text.SystemClock_Config) refers to main.o(.text.SystemClock_Config) for [Anonymous Symbol]
    main.o(.ARM.exidx.text.Error_Handler) refers to main.o(.text.Error_Handler) for [Anonymous Symbol]
    gpio.o(.text.MX_GPIO_Init) refers to stm32h7xx_hal_gpio.o(.text.HAL_GPIO_WritePin) for HAL_GPIO_WritePin
    gpio.o(.text.MX_GPIO_Init) refers to stm32h7xx_hal_gpio.o(.text.HAL_GPIO_Init) for HAL_GPIO_Init
    gpio.o(.ARM.exidx.text.MX_GPIO_Init) refers to gpio.o(.text.MX_GPIO_Init) for [Anonymous Symbol]
    dma.o(.text.MX_DMA_Init) refers to stm32h7xx_hal_cortex.o(.text.HAL_NVIC_SetPriority) for HAL_NVIC_SetPriority
    dma.o(.text.MX_DMA_Init) refers to stm32h7xx_hal_cortex.o(.text.HAL_NVIC_EnableIRQ) for HAL_NVIC_EnableIRQ
    dma.o(.ARM.exidx.text.MX_DMA_Init) refers to dma.o(.text.MX_DMA_Init) for [Anonymous Symbol]
    i2c.o(.text.MX_I2C1_Init) refers to i2c.o(.bss.hi2c1) for hi2c1
    i2c.o(.text.MX_I2C1_Init) refers to stm32h7xx_hal_i2c.o(.text.HAL_I2C_Init) for HAL_I2C_Init
    i2c.o(.text.MX_I2C1_Init) refers to main.o(.text.Error_Handler) for Error_Handler
    i2c.o(.text.MX_I2C1_Init) refers to stm32h7xx_hal_i2c_ex.o(.text.HAL_I2CEx_ConfigAnalogFilter) for HAL_I2CEx_ConfigAnalogFilter
    i2c.o(.text.MX_I2C1_Init) refers to stm32h7xx_hal_i2c_ex.o(.text.HAL_I2CEx_ConfigDigitalFilter) for HAL_I2CEx_ConfigDigitalFilter
    i2c.o(.ARM.exidx.text.MX_I2C1_Init) refers to i2c.o(.text.MX_I2C1_Init) for [Anonymous Symbol]
    i2c.o(.text.HAL_I2C_MspInit) refers to memseta.o(.text) for __aeabi_memclr8
    i2c.o(.text.HAL_I2C_MspInit) refers to stm32h7xx_hal_rcc_ex.o(.text.HAL_RCCEx_PeriphCLKConfig) for HAL_RCCEx_PeriphCLKConfig
    i2c.o(.text.HAL_I2C_MspInit) refers to main.o(.text.Error_Handler) for Error_Handler
    i2c.o(.text.HAL_I2C_MspInit) refers to stm32h7xx_hal_gpio.o(.text.HAL_GPIO_Init) for HAL_GPIO_Init
[...]
    .ARM.Collect$$$$0000000A                 0x080002a0   Section        0  entry8b.o(.ARM.Collect$$$$0000000A)
    .ARM.Collect$$$$0000000B                 0x080002a0   Section        8  entry9a.o(.ARM.Collect$$$$0000000B)
    __lit__00000000                          0x080002a8   Data           4  entry2.o(.ARM.Collect$$$$00002712)
    .ARM.Collect$$$$0000000D                 0x080002a8   Section        0  entry10a.o(.ARM.Collect$$$$0000000D)
    .ARM.Collect$$$$0000000F                 0x080002a8   Section        0  entry11a.o(.ARM.Collect$$$$0000000F)
    .ARM.Collect$$$$00002712                 0x080002a8   Section        4  entry2.o(.ARM.Collect$$$$00002712)
    $v0                                      0x080002ac   Number         0  startup_stm32h743xx.o(.text)
    .text                                    0x080002ac   Section       36  startup_stm32h743xx.o(.text)
    .text                                    0x080002d0   Section        0  uldiv.o(.text)
    .text                                    0x08000332   Section        0  memseta.o(.text)
    .text                                    0x08000356   Section        0  uidiv.o(.text)
    .text                                    0x08000382   Section        0  llshl.o(.text)
    .text                                    0x080003a0   Section        0  llushr.o(.text)
    .text                                    0x080003c0   Section        0  iusefp.o(.text)
    .text                                    0x080003c0   Section        0  dadd.o(.text)
    .text                                    0x0800050e   Section        0  dmul.o(.text)
    .text                                    0x080005f2   Section        0  ddiv.o(.text)
    .text                                    0x080006d0   Section        0  dfixul.o(.text)
    .text                                    0x08000700   Section       48  cdrcmple.o(.text)
    .text                                    0x08000730   Section       48  init.o(.text)
    .text                                    0x08000760   Section        0  llsshr.o(.text)
    .text                                    0x08000784   Section        0  depilogue.o(.text)
    [Anonymous Symbol]                       0x08000840   Section        0  stm32h7xx_it.o(.text.BusFault_Handler)
    [Anonymous Symbol]                       0x08000848   Section        0  stm32h7xx_it.o(.text.DMA1_Stream0_IRQHandler)
    DMA_CalcBaseAndBitshift                  0x08000859   Thumb Code   288  stm32h7xx_hal_dma.o(.text.DMA_CalcBaseAndBitshift)
    [Anonymous Symbol]                       0x08000858   Section        0  stm32h7xx_hal_dma.o(.text.DMA_CalcBaseAndBitshift)
    DMA_CalcBaseAndBitshift.flagBitshiftOffset 0x08000978   Number         0  stm32h7xx_hal_dma.o(.text.DMA_CalcBaseAndBitshift)
    DMA_SetConfig                            0x08000981   Thumb Code   776  stm32h7xx_hal_dma.o(.text.DMA_SetConfig)
    [Anonymous Symbol]                       0x08000980   Section        0  stm32h7xx_hal_dma.o(.text.DMA_SetConfig)
    [Anonymous Symbol]                       0x08000c88   Section        0  stm32h7xx_it.o(.text.DebugMon_Handler)
    [Anonymous Symbol]                       0x08000c90   Section        0  main.o(.text.Error_Handler)
    [Anonymous Symbol]                       0x08000c98   Section        0  stm32h7xx_hal_dma.o(.text.HAL_DMA_Abort)
    [Anonymous Symbol]                       0x080011c0   Section        0  stm32h7xx_hal_dma.o(.text.HAL_DMA_Abort_IT)
    [Anonymous Symbol]                       0x08001478   Section        0  stm32h7xx_hal_dma.o(.text.HAL_DMA_IRQHandler)
    [Anonymous Symbol]                       0x08001ca0   Section        0  stm32h7xx_hal_dma.o(.text.HAL_DMA_Init)
    [Anonymous Symbol]                       0x08002300   Section        0  stm32h7xx_hal_dma.o(.text.HAL_DMA_Start_IT)
    [Anonymous Symbol]                       0x080026b0   Section        0  stm32h7xx_hal_gpio.o(.text.HAL_GPIO_Init)
    [Anonymous Symbol]                       0x08002898   Section        0  stm32h7xx_hal_gpio.o(.text.HAL_GPIO_ReadPin)
    [Anonymous Symbol]                       0x080028a8   Section        0  stm32h7xx_hal_gpio.o(.text.HAL_GPIO_TogglePin)
    [Anonymous Symbol]                       0x080028b8   Section        0  stm32h7xx_hal_gpio.o(.text.HAL_GPIO_WritePin)
    [Anonymous Symbol]                       0x080028c8   Section        0  stm32h7xx_hal.o(.text.HAL_GetREVID)
    [Anonymous Symbol]                       0x080028d8   Section        0  stm32h7xx_hal.o(.text.HAL_GetTick)
    [Anonymous Symbol]                       0x080028e8   Section        0  stm32h7xx_hal_i2c_ex.o(.text.HAL_I2CEx_ConfigAnalogFilter)
    [Anonymous Symbol]                       0x08002938   Section        0  stm32h7xx_hal_i2c_ex.o(.text.HAL_I2CEx_ConfigDigitalFilter)
    [Anonymous Symbol]                       0x08002980   Section        0  stm32h7xx_hal_i2c.o(.text.HAL_I2C_Init)
    [Anonymous Symbol]                       0x08002a30   Section        0  stm32h7xx_hal_i2c.o(.text.HAL_I2C_Master_Receive)
    [Anonymous Symbol]                       0x08002be0   Section        0  stm32h7xx_hal_i2c.o(.text.HAL_I2C_Master_Transmit)
    [Anonymous Symbol]                       0x08002db8   Section        0  i2c.o(.text.HAL_I2C_MspInit)
    [Anonymous Symbol]                       0x08002e50   Section        0  stm32h7xx_hal.o(.text.HAL_IncTick)
    [Anonymous Symbol]                       0x08002e70   Section        0  stm32h7xx_hal.o(.text.HAL_Init)
    [Anonymous Symbol]                       0x08002ed8   Section        0  stm32h7xx_hal.o(.text.HAL_InitTick)
    [Anonymous Symbol]                       0x08002f28   Section        0  stm32h7xx_hal_msp.o(.text.HAL_MspInit)
    [Anonymous Symbol]                       0x08002f48   Section        0  stm32h7xx_hal_cortex.o(.text.HAL_NVIC_EnableIRQ)
    [Anonymous Symbol]                       0x08002f70   Section        0  stm32h7xx_hal_cortex.o(.text.HAL_NVIC_SetPriority)
    [Anonymous Symbol]                       0x08002fd0   Section        0  stm32h7xx_hal_cortex.o(.text.HAL_NVIC_SetPriorityGrouping)
    [Anonymous Symbol]                       0x08002ff0   Section        0  stm32h7xx_hal_pwr_ex.o(.text.HAL_PWREx_ConfigSupply)
    [Anonymous Symbol]                       0x08003040   Section        0  stm32h7xx_hal_rcc_ex.o(.text.HAL_RCCEx_GetD3PCLK1Freq)
    [Anonymous Symbol]                       0x08003068   Section        0  stm32h7xx_hal_rcc_ex.o(.text.HAL_RCCEx_GetPLL2ClockFreq)
    [Anonymous Symbol]                       0x08003190   Section        0  stm32h7xx_hal_rcc_ex.o(.text.HAL_RCCEx_GetPLL3ClockFreq)
    [Anonymous Symbol]                       0x080032b8   Section        0  stm32h7xx_hal_rcc_ex.o(.text.HAL_RCCEx_PeriphCLKConfig)
    [Anonymous Symbol]                       0x08003dc8   Section        0  stm32h7xx_hal_rcc.o(.text.HAL_RCC_ClockConfig)
    [Anonymous Symbol]                       0x08004020   Section        0  stm32h7xx_hal_rcc.o(.text.HAL_RCC_GetHCLKFreq)
    [Anonymous Symbol]                       0x08004070   Section        0  stm32h7xx_hal_rcc.o(.text.HAL_RCC_GetPCLK1Freq)
    [Anonymous Symbol]                       0x080040d0   Section        0  stm32h7xx_hal_rcc.o(.text.HAL_RCC_GetPCLK2Freq)
    [Anonymous Symbol]                       0x08004130   Section        0  stm32h7xx_hal_rcc.o(.text.HAL_RCC_GetSysClockFreq)
    [Anonymous Symbol]                       0x08004250   Section        0  stm32h7xx_hal_rcc.o(.text.HAL_RCC_OscConfig)
    [Anonymous Symbol]                       0x080047c0   Section        0  stm32h7xx_hal_cortex.o(.text.HAL_SYSTICK_Config)
    [Anonymous Symbol]                       0x080047f0   Section        0  stm32h7xx_hal_tim_ex.o(.text.HAL_TIMEx_Break2Callback)
    [Anonymous Symbol]                       0x080047f8   Section        0  stm32h7xx_hal_tim_ex.o(.text.HAL_TIMEx_BreakCallback)
    [Anonymous Symbol]                       0x08004800   Section        0  stm32h7xx_hal_tim_ex.o(.text.HAL_TIMEx_CommutCallback)
    [Anonymous Symbol]                       0x08004808   Section        0  stm32h7xx_hal_tim_ex.o(.text.HAL_TIMEx_MasterConfigSynchronization)
    [Anonymous Symbol]                       0x080048d8   Section        0  stm32h7xx_hal_tim.o(.text.HAL_TIM_Base_Init)
    [Anonymous Symbol]                       0x08004938   Section        0  tim.o(.text.HAL_TIM_Base_MspInit)
    [Anonymous Symbol]                       0x080049a8   Section        0  stm32h7xx_hal_tim.o(.text.HAL_TIM_Base_Start)
    [Anonymous Symbol]                       0x08004a58   Section        0  stm32h7xx_hal_tim.o(.text.HAL_TIM_Base_Start_IT)
    [Anonymous Symbol]                       0x08004b10   Section        0  stm32h7xx_hal_tim.o(.text.HAL_TIM_Base_Stop)
    [Anonymous Symbol]                       0x08004b48   Section        0  stm32h7xx_hal_tim.o(.text.HAL_TIM_IC_CaptureCallback)
    [Anonymous Symbol]                       0x08004b50   Section        0  stm32h7xx_hal_tim.o(.text.HAL_TIM_IRQHandler)
    [Anonymous Symbol]                       0x08004cc0   Section        0  stm32h7xx_hal_tim.o(.text.HAL_TIM_OC_DelayElapsedCallback)
    [Anonymous Symbol]                       0x08004cc8   Section        0  stm32h7xx_hal_tim.o(.text.HAL_TIM_PWM_PulseFinishedCallback)
    [Anonymous Symbol]                       0x08004cd0   Section        0  time.o(.text.HAL_TIM_PeriodElapsedCallback)
    [Anonymous Symbol]                       0x08004cd8   Section        0  stm32h7xx_hal_tim.o(.text.HAL_TIM_TriggerCallback)
    [Anonymous Symbol]                       0x08004ce0   Section        0  stm32h7xx_hal_uart_ex.o(.text.HAL_UARTEx_DisableFifoMode)
    [Anonymous Symbol]                       0x08004d18   Section        0  stm32h7xx_hal_uart_ex.o(.text.HAL_UARTEx_ReceiveToIdle_DMA)
    [Anonymous Symbol]                       0x08004db0   Section        0  uart.o(.text.HAL_UARTEx_RxEventCallback)
    [Anonymous Symbol]                       0x08004dd0   Section        0  stm32h7xx_hal_uart_ex.o(.text.HAL_UARTEx_RxFifoFullCallback)
    [Anonymous Symbol]                       0x08004dd8   Section        0  stm32h7xx_hal_uart_ex.o(.text.HAL_UARTEx_SetRxFifoThreshold)
    [Anonymous Symbol]                       0x08004e68   Section        0  stm32h7xx_hal_uart_ex.o(.text.HAL_UARTEx_SetTxFifoThreshold)
    [Anonymous Symbol]                       0x08004ef8   Section        0  stm32h7xx_hal_uart_ex.o(.text.HAL_UARTEx_TxFifoEmptyCallback)
    [Anonymous Symbol]                       0x08004f00   Section        0  stm32h7xx_hal_uart_ex.o(.text.HAL_UARTEx_WakeupCallback)
    [Anonymous Symbol]                       0x08004f08   Section        0  stm32h7xx_hal_uart.o(.text.HAL_UART_ErrorCallback)
    [Anonymous Symbol]                       0x08004f10   Section        0  stm32h7xx_hal_uart.o(.text.HAL_UART_IRQHandler)
    [Anonymous Symbol]                       0x080055a0   Section        0  stm32h7xx_hal_uart.o(.text.HAL_UART_Init)
    [Anonymous Symbol]                       0x08005608   Section        0  usart.o(.text.HAL_UART_MspInit)
    [Anonymous Symbol]                       0x080056e8   Section        0  stm32h7xx_hal_uart.o(.text.HAL_UART_RxCpltCallback)
    [Anonymous Symbol]                       0x080056f0   Section        0  stm32h7xx_hal_uart.o(.text.HAL_UART_RxHalfCpltCallback)
    [Anonymous Symbol]                       0x080056f8   Section        0  stm32h7xx_hal_uart.o(.text.HAL_UART_Transmit)
    [Anonymous Symbol]                       0x08005868   Section        0  stm32h7xx_hal_uart.o(.text.HAL_UART_TxCpltCallback)
    [Anonymous Symbol]                       0x08005870   Section        0  stm32h7xx_it.o(.text.HardFault_Handler)
    [Anonymous Symbol]                       0x08005878   Section        0  hcsr04.o(.text.Hcsr04Read)
    I2C_IsErrorOccurred                      0x08005961   Thumb Code   352  stm32h7xx_hal_i2c.o(.text.I2C_IsErrorOccurred)
    [Anonymous Symbol]                       0x08005960   Section        0  stm32h7xx_hal_i2c.o(.text.I2C_IsErrorOccurred)
    I2C_WaitOnFlagUntilTimeout               0x08005ac1   Thumb Code   228  stm32h7xx_hal_i2c.o(.text.I2C_WaitOnFlagUntilTimeout)
    [Anonymous Symbol]                       0x08005ac0   Section        0  stm32h7xx_hal_i2c.o(.text.I2C_WaitOnFlagUntilTimeout)
    I2C_WaitOnRXNEFlagUntilTimeout           0x08005ba9   Thumb Code   214  stm32h7xx_hal_i2c.o(.text.I2C_WaitOnRXNEFlagUntilTimeout)
    [Anonymous Symbol]                       0x08005ba8   Section        0  stm32h7xx_hal_i2c.o(.text.I2C_WaitOnRXNEFlagUntilTimeout)
    I2C_WaitOnSTOPFlagUntilTimeout           0x08005c81   Thumb Code   124  stm32h7xx_hal_i2c.o(.text.I2C_WaitOnSTOPFlagUntilTimeout)
    [Anonymous Symbol]                       0x08005c80   Section        0  stm32h7xx_hal_i2c.o(.text.I2C_WaitOnSTOPFlagUntilTimeout)
    I2C_WaitOnTXISFlagUntilTimeout           0x08005d01   Thumb Code   152  stm32h7xx_hal_i2c.o(.text.I2C_WaitOnTXISFlagUntilTimeout)
    [Anonymous Symbol]                       0x08005d00   Section        0  stm32h7xx_hal_i2c.o(.text.I2C_WaitOnTXISFlagUntilTimeout)
    [Anonymous Symbol]                       0x08005d98   Section        0  key.o(.text.KeyScan)
    [Anonymous Symbol]                       0x08005e70   Section        0  led.o(.text.LedInit)
    [Anonymous Symbol]                       0x08005ea8   Section        0  dma.o(.text.MX_DMA_Init)
    [Anonymous Symbol]                       0x08005ee0   Section        0  gpio.o(.text.MX_GPIO_Init)
    [Anonymous Symbol]                       0x08005fd8   Section        0  i2c.o(.text.MX_I2C1_Init)
    [Anonymous Symbol]                       0x08006048   Section        0  tim.o(.text.MX_TIM6_Init)
    [Anonymous Symbol]                       0x08006098   Section        0  tim.o(.text.MX_TIM7_Init)
    [Anonymous Symbol]                       0x080060e8   Section        0  usart.o(.text.MX_USART1_UART_Init)
    [Anonymous Symbol]                       0x08006168   Section        0  stm32h7xx_it.o(.text.MemManage_Handler)
    [Anonymous Symbol]                       0x08006170   Section        0  stm32h7xx_it.o(.text.NMI_Handler)
    [Anonymous Symbol]                       0x08006178   Section        0  stm32h7xx_it.o(.text.PendSV_Handler)
    RCCEx_PLL2_Config                        0x08006181   Thumb Code   290  stm32h7xx_hal_rcc_ex.o(.text.RCCEx_PLL2_Config)
    [Anonymous Symbol]                       0x08006180   Section        0  stm32h7xx_hal_rcc_ex.o(.text.RCCEx_PLL2_Config)
    RCCEx_PLL3_Config                        0x080062a9   Thumb Code   290  stm32h7xx_hal_rcc_ex.o(.text.RCCEx_PLL3_Config)
    [Anonymous Symbol]                       0x080062a8   Section        0  stm32h7xx_hal_rcc_ex.o(.text.RCCEx_PLL3_Config)
    [Anonymous Symbol]                       0x080063d0   Section        0  stm32h7xx_it.o(.text.SVC_Handler)
    [Anonymous Symbol]                       0x080063d8   Section        0  shtx.o(.text.SensorInit)
    [Anonymous Symbol]                       0x08006418   Section        0  shtx.o(.text.SensorShow)
    [Anonymous Symbol]                       0x080064d0   Section        0  stm32h7xx_it.o(.text.SysTick_Handler)
    [Anonymous Symbol]                       0x080064d8   Section        0  bsp.o(.text.Sys_Init)
    [Anonymous Symbol]                       0x080064f0   Section        0  bsp.o(.text.Sys_Run)
    [Anonymous Symbol]                       0x08006508   Section        0  main.o(.text.SystemClock_Config)
    [Anonymous Symbol]                       0x080065e0   Section        0  system_stm32h7xx.o(.text.SystemInit)
    [Anonymous Symbol]                       0x080066b0   Section        0  stm32h7xx_it.o(.text.TIM6_DAC_IRQHandler)
    [Anonymous Symbol]                       0x080066c0   Section        0  stm32h7xx_hal_tim.o(.text.TIM_Base_SetConfig)
    [Anonymous Symbol]                       0x08006810   Section        0  time.o(.text.TimerInit)
    [Anonymous Symbol]                       0x08006838   Section        0  stm32h7xx_hal_uart.o(.text.UART_AdvFeatureConfig)
    [Anonymous Symbol]                       0x08006918   Section        0  stm32h7xx_hal_uart.o(.text.UART_CheckIdleState)
    UART_DMAAbortOnError                     0x08006a89   Thumb Code     6  stm32h7xx_hal_uart.o(.text.UART_DMAAbortOnError)
    [Anonymous Symbol]                       0x08006a88   Section        0  stm32h7xx_hal_uart.o(.text.UART_DMAAbortOnError)
    UART_DMAError                            0x08006a91   Thumb Code   490  stm32h7xx_hal_uart.o(.text.UART_DMAError)
    [Anonymous Symbol]                       0x08006a90   Section        0  stm32h7xx_hal_uart.o(.text.UART_DMAError)
    UART_DMAReceiveCplt                      0x08006c81   Thumb Code   408  stm32h7xx_hal_uart.o(.text.UART_DMAReceiveCplt)
    [Anonymous Symbol]                       0x08006c80   Section        0  stm32h7xx_hal_uart.o(.text.UART_DMAReceiveCplt)
    UART_DMARxHalfCplt                       0x08006e19   Thumb Code    56  stm32h7xx_hal_uart.o(.text.UART_DMARxHalfCplt)
    [Anonymous Symbol]                       0x08006e18   Section        0  stm32h7xx_hal_uart.o(.text.UART_DMARxHalfCplt)
    [Anonymous Symbol]                       0x08006e50   Section        0  stm32h7xx_hal_uart.o(.text.UART_SetConfig)
    [Anonymous Symbol]                       0x080072d8   Section        0  stm32h7xx_hal_uart.o(.text.UART_Start_Receive_DMA)
    [Anonymous Symbol]                       0x08007430   Section        0  stm32h7xx_hal_uart.o(.text.UART_WaitOnFlagUntilTimeout)
    [Anonymous Symbol]                       0x08007788   Section        0  stm32h7xx_it.o(.text.USART1_IRQHandler)
    [Anonymous Symbol]                       0x08007798   Section        0  uart.o(.text.UartInit)
    [Anonymous Symbol]                       0x080077d0   Section        0  uart.o(.text.UartProc)
    [Anonymous Symbol]                       0x08007840   Section        0  stm32h7xx_it.o(.text.UsageFault_Handler)
    [Anonymous Symbol]                       0x08007848   Section        0  bsp.o(.text.delay_us)
    [Anonymous Symbol]                       0x08007898   Section        0  uart.o(.text.fputc)
    [Anonymous Symbol]                       0x080078b8   Section        0  main.o(.text.main)
    i.__0printf                              0x080078e4   Section        0  printfa.o(i.__0printf)
    i.__scatterload_copy                     0x08007904   Section       14  handlers.o(i.__scatterload_copy)
    i.__scatterload_null                     0x08007912   Section        2  handlers.o(i.__scatterload_null)
    i.__scatterload_zeroinit                 0x08007914   Section       14  handlers.o(i.__scatterload_zeroinit)
    _fp_digits                               0x08007925   Thumb Code   366  printfa.o(i._fp_digits)
    i._fp_digits                             0x08007924   Section        0  printfa.o(i._fp_digits)
    _printf_core                             0x08007aa9   Thumb Code  1744  printfa.o(i._printf_core)
    i._printf_core                           0x08007aa8   Section        0  printfa.o(i._printf_core)
    _printf_post_padding                     0x08008185   Thumb Code    36  printfa.o(i._printf_post_padding)
    i._printf_post_padding                   0x08008184   Section        0  printfa.o(i._printf_post_padding)
    _printf_pre_padding                      0x080081a9   Thumb Code    46  printfa.o(i._printf_pre_padding)
    i._printf_pre_padding                    0x080081a8   Section        0  printfa.o(i._printf_pre_padding)
    i.puts                                   0x080081d8   Section        0  puts.o(i.puts)
    .Lswitch.table.UART_SetConfig.5          0x080081fc   Data           6  stm32h7xx_hal_uart.o(.rodata..Lswitch.table.UART_SetConfig.5)
    .Lswitch.table.UART_SetConfig.7          0x08008202   Data           6  stm32h7xx_hal_uart.o(.rodata..Lswitch.table.UART_SetConfig.7)
    UARTEx_SetNbDataToProcess.numerator      0x08008230   Data           8  stm32h7xx_hal_uart_ex.o(.rodata.cst8)
    [Anonymous Symbol]                       0x08008230   Section        0  stm32h7xx_hal_uart_ex.o(.rodata.cst8)
    UARTEx_SetNbDataToProcess.denominator    0x08008238   Data           8  stm32h7xx_hal_uart_ex.o(.rodata.cst8)
    .data                                    0x24000000   Section        4  stdout.o(.data)
    .L_MergedGlobals                         0x24000004   Data           8  stm32h7xx_hal.o(.data..L_MergedGlobals)
    [Anonymous Symbol]                       0x24000004   Section        0  stm32h7xx_hal.o(.data..L_MergedGlobals)
    .L_MergedGlobals                         0x2400000c   Data           8  system_stm32h7xx.o(.data..L_MergedGlobals)
    [Anonymous Symbol]                       0x2400000c   Section        0  system_stm32h7xx.o(.data..L_MergedGlobals)
    .L_MergedGlobals                         0x24000020   Data          12  key.o(.bss..L_MergedGlobals)
    k0_curr                                  0x24000020   Data           1  key.o(.bss..L_MergedGlobals)
    [Anonymous Symbol]                       0x24000020   Section        0  key.o(.bss..L_MergedGlobals)
    k1_curr                                  0x24000021   Data           1  key.o(.bss..L_MergedGlobals)
    k2_curr                                  0x24000022   Data           1  key.o(.bss..L_MergedGlobals)
    wk_curr                                  0x24000023   Data           1  key.o(.bss..L_MergedGlobals)
    k0_last                                  0x24000024   Data           1  key.o(.bss..L_MergedGlobals)
    k1_last                                  0x24000025   Data           1  key.o(.bss..L_MergedGlobals)
    k2_last                                  0x24000026   Data           1  key.o(.bss..L_MergedGlobals)
    wk_last                                  0x24000027   Data           1  key.o(.bss..L_MergedGlobals)
    key_tick                                 0x24000028   Data           4  key.o(.bss..L_MergedGlobals)
    .L_MergedGlobals                         0x24000040   Data          96  uart.o(.bss..L_MergedGlobals)
    [Anonymous Symbol]                       0x24000040   Section        0  uart.o(.bss..L_MergedGlobals)
    .L_MergedGlobals                         0x240000a0   Data          14  shtx.o(.bss..L_MergedGlobals)
    [Anonymous Symbol]                       0x240000a0   Section        0  shtx.o(.bss..L_MergedGlobals)
    .L_MergedGlobals                         0x240000b0   Data           8  hcsr04.o(.bss..L_MergedGlobals)
    [Anonymous Symbol]                       0x240000b0   Section        0  hcsr04.o(.bss..L_MergedGlobals)
    STACK                                    0x240002b8   Section     1024  startup_stm32h743xx.o(STACK)

    Global Symbols

    Symbol Name                              Value     Ov Type        Size  Object(Section)

    BuildAttributes$$THM_ISAv4$E$P$D$K$B$S$7EM$VFPv5_D16$PE$PLD8$A:L22UL41UL21$X:L11$S22US41US21$IEEE1$IW$~IW$USESV6$~STKCKD$USESV7$~SHL$OTIME$ROPI$EBA8$MICROLIB$REQ8$PRES8$EABIv2 0x00000000   Number         0  anon$$obj.o ABSOLUTE
    _printf_a                                0x00000000   Number         0  printfstubs.o ABSOLUTE
    _printf_c                                0x00000000   Number         0  printfstubs.o ABSOLUTE
    _printf_charcount                        0x00000000   Number         0  printfstubs.o ABSOLUTE
    _printf_d                                0x00000000   Number         0  printfstubs.o ABSOLUTE
    _printf_e                                0x00000000   Number         0  printfstubs.o ABSOLUTE
    _printf_f                                0x00000000   Number         0  printfstubs.o ABSOLUTE
    _printf_flags                            0x00000000   Number         0  printfstubs.o ABSOLUTE
    _printf_fp_dec                           0x00000000   Number         0  printfstubs.o ABSOLUTE
    _printf_fp_hex                           0x00000000   Number         0  printfstubs.o ABSOLUTE
    _printf_g                                0x00000000   Number         0  printfstubs.o ABSOLUTE
    _printf_i                                0x00000000   Number         0  printfstubs.o ABSOLUTE
    _printf_int_dec                          0x00000000   Number         0  printfstubs.o ABSOLUTE
    _printf_l                                0x00000000   Number         0  printfstubs.o ABSOLUTE
    _printf_lc                               0x00000000   Number         0  printfstubs.o ABSOLUTE
    _printf_ll                               0x00000000   Number         0  printfstubs.o ABSOLUTE
    _printf_lld                              0x00000000   Number         0  printfstubs.o ABSOLUTE
    _printf_lli                              0x00000000   Number         0  printfstubs.o ABSOLUTE
    _printf_llo                              0x00000000   Number         0  printfstubs.o ABSOLUTE
    _printf_llu                              0x00000000   Number         0  printfstubs.o ABSOLUTE
    _printf_llx                              0x00000000   Number         0  printfstubs.o ABSOLUTE
    _printf_longlong_dec                     0x00000000   Number         0  printfstubs.o ABSOLUTE
    _printf_longlong_hex                     0x00000000   Number         0  printfstubs.o ABSOLUTE
    _printf_longlong_oct                     0x00000000   Number         0  printfstubs.o ABSOLUTE
    _printf_ls                               0x00000000   Number         0  printfstubs.o ABSOLUTE
    _printf_mbtowc                           0x00000000   Number         0  printfstubs.o ABSOLUTE
    _printf_n                                0x00000000   Number         0  printfstubs.o ABSOLUTE
    _printf_o                                0x00000000   Number         0  printfstubs.o ABSOLUTE
    _printf_p                                0x00000000   Number         0  printfstubs.o ABSOLUTE
    _printf_percent                          0x00000000   Number         0  printfstubs.o ABSOLUTE
    _printf_pre_padding                      0x00000000   Number         0  printfstubs.o ABSOLUTE
    _printf_return_value                     0x00000000   Number         0  printfstubs.o ABSOLUTE
    _printf_s                                0x00000000   Number         0  printfstubs.o ABSOLUTE
    _printf_sizespec                         0x00000000   Number         0  printfstubs.o ABSOLUTE
    _printf_str                              0x00000000   Number         0  printfstubs.o ABSOLUTE
    _printf_truncate_signed                  0x00000000   Number         0  printfstubs.o ABSOLUTE
    _printf_truncate_unsigned                0x00000000   Number         0  printfstubs.o ABSOLUTE
    _printf_u                                0x00000000   Number         0  printfstubs.o ABSOLUTE
    _printf_wc                               0x00000000   Number         0  printfstubs.o ABSOLUTE
    _printf_wctomb                           0x00000000   Number         0  printfstubs.o ABSOLUTE
    _printf_widthprec                        0x00000000   Number         0  printfstubs.o ABSOLUTE
    _printf_x                                0x00000000   Number         0  printfstubs.o ABSOLUTE
    __cpp_initialize__aeabi_                  - Undefined Weak Reference
    __cxa_finalize                            - Undefined Weak Reference
    __decompress                              - Undefined Weak Reference
    _clock_init                               - Undefined Weak Reference
    _microlib_exit                            - Undefined Weak Reference
    __Vectors_Size                           0x00000298   Number         0  startup_stm32h743xx.o ABSOLUTE
    __Vectors                                0x08000000   Data           4  startup_stm32h743xx.o(RESET)
    __Vectors_End                            0x08000298   Data           0  startup_stm32h743xx.o(RESET)
    __main                                   0x08000299   Thumb Code     0  entry.o(.ARM.Collect$$$$00000000)
    _main_stk                                0x08000299   Thumb Code     0  entry2.o(.ARM.Collect$$$$00000001)
    _main_scatterload                        0x0800029d   Thumb Code     0  entry5.o(.ARM.Collect$$$$00000004)
    __main_after_scatterload                 0x080002a1   Thumb Code     0  entry5.o(.ARM.Collect$$$$00000004)
    _main_clock                              0x080002a1   Thumb Code     0  entry7b.o(.ARM.Collect$$$$00000008)
    _main_cpp_init                           0x080002a1   Thumb Code     0  entry8b.o(.ARM.Collect$$$$0000000A)
    _main_init                               0x080002a1   Thumb Code     0  entry9a.o(.ARM.Collect$$$$0000000B)
    __rt_final_cpp                           0x080002a9   Thumb Code     0  entry10a.o(.ARM.Collect$$$$0000000D)
    __rt_final_exit                          0x080002a9   Thumb Code     0  entry11a.o(.ARM.Collect$$$$0000000F)
    Reset_Handler                            0x080002ad   Thumb Code     8  startup_stm32h743xx.o(.text)
    ADC3_IRQHandler                          0x080002c7   Thumb Code     0  startup_stm32h743xx.o(.text)
    ADC_IRQHandler                           0x080002c7   Thumb Code     0  startup_stm32h743xx.o(.text)
    BDMA_Channel0_IRQHandler                 0x080002c7   Thumb Code     0  startup_stm32h743xx.o(.text)
    BDMA_Channel1_IRQHandler                 0x080002c7   Thumb Code     0  startup_stm32h743xx.o(.text)
    BDMA_Channel2_IRQHandler                 0x080002c7   Thumb Code     0  startup_stm32h743xx.o(.text)
    BDMA_Channel3_IRQHandler                 0x080002c7   Thumb Code     0  startup_stm32h743xx.o(.text)
    BDMA_Channel4_IRQHandler                 0x080002c7   Thumb Code     0  startup_stm32h743xx.o(.text)
    BDMA_Channel5_IRQHandler                 0x080002c7   Thumb Code     0  startup_stm32h743xx.o(.text)
    BDMA_Channel6_IRQHandler                 0x080002c7   Thumb Code     0  startup_stm32h743xx.o(.text)
    BDMA_Channel7_IRQHandler                 0x080002c7   Thumb Code     0  startup_stm32h743xx.o(.text)
    CEC_IRQHandler                           0x080002c7   Thumb Code     0  startup_stm32h743xx.o(.text)
    COMP1_IRQHandler                         0x080002c7   Thumb Code     0  startup_stm32h743xx.o(.text)
    CRS_IRQHandler                           0x080002c7   Thumb Code     0  startup_stm32h743xx.o(.text)
    DCMI_IRQHandler                          0x080002c7   Thumb Code     0  startup_stm32h743xx.o(.text)
    DFSDM1_FLT0_IRQHandler                   0x080002c7   Thumb Code     0  startup_stm32h743xx.o(.text)
    DFSDM1_FLT1_IRQHandler                   0x080002c7   Thumb Code     0  startup_stm32h743xx.o(.text)
    DFSDM1_FLT2_IRQHandler                   0x080002c7   Thumb Code     0  startup_stm32h743xx.o(.text)
    DFSDM1_FLT3_IRQHandler                   0x080002c7   Thumb Code     0  startup_stm32h743xx.o(.text)
    DMA1_Stream1_IRQHandler                  0x080002c7   Thumb Code     0  startup_stm32h743xx.o(.text)
    DMA1_Stream2_IRQHandler                  0x080002c7   Thumb Code     0  startup_stm32h743xx.o(.text)
    DMA1_Stream3_IRQHandler                  0x080002c7   Thumb Code     0  startup_stm32h743xx.o(.text)
    DMA1_Stream4_IRQHandler                  0x080002c7   Thumb Code     0  startup_stm32h743xx.o(.text)
    DMA1_Stream5_IRQHandler                  0x080002c7   Thumb Code     0  startup_stm32h743xx.o(.text)
    DMA1_Stream6_IRQHandler                  0x080002c7   Thumb Code     0  startup_stm32h743xx.o(.text)
    DMA1_Stream7_IRQHandler                  0x080002c7   Thumb Code     0  startup_stm32h743xx.o(.text)
    DMA2D_IRQHandler                         0x080002c7   Thumb Code     0  startup_stm32h743xx.o(.text)
    DMA2_Stream0_IRQHandler                  0x080002c7   Thumb Code     0  startup_stm32h743xx.o(.text)
    DMA2_Stream1_IRQHandler                  0x080002c7   Thumb Code     0  startup_stm32h743xx.o(.text)
    DMA2_Stream2_IRQHandler                  0x080002c7   Thumb Code     0  startup_stm32h743xx.o(.text)
    DMA2_Stream3_IRQHandler                  0x080002c7   Thumb Code     0  startup_stm32h743xx.o(.text)
    DMA2_Stream4_IRQHandler                  0x080002c7   Thumb Code     0  startup_stm32h743xx.o(.text)
    DMA2_Stream5_IRQHandler                  0x080002c7   Thumb Code     0  startup_stm32h743xx.o(.text)
    DMA2_Stream6_IRQHandler                  0x080002c7   Thumb Code     0  startup_stm32h743xx.o(.text)
    DMA2_Stream7_IRQHandler                  0x080002c7   Thumb Code     0  startup_stm32h743xx.o(.text)
    DMAMUX1_OVR_IRQHandler                   0x080002c7   Thumb Code     0  startup_stm32h743xx.o(.text)
    DMAMUX2_OVR_IRQHandler                   0x080002c7   Thumb Code     0  startup_stm32h743xx.o(.text)
    ECC_IRQHandler                           0x080002c7   Thumb Code     0  startup_stm32h743xx.o(.text)
    ETH_IRQHandler                           0x080002c7   Thumb Code     0  startup_stm32h743xx.o(.text)
    ETH_WKUP_IRQHandler                      0x080002c7   Thumb Code     0  startup_stm32h743xx.o(.text)
    EXTI0_IRQHandler                         0x080002c7   Thumb Code     0  startup_stm32h743xx.o(.text)
    EXTI15_10_IRQHandler                     0x080002c7   Thumb Code     0  startup_stm32h743xx.o(.text)
    EXTI1_IRQHandler                         0x080002c7   Thumb Code     0  startup_stm32h743xx.o(.text)
    EXTI2_IRQHandler                         0x080002c7   Thumb Code     0  startup_stm32h743xx.o(.text)
    EXTI3_IRQHandler                         0x080002c7   Thumb Code     0  startup_stm32h743xx.o(.text)
    EXTI4_IRQHandler                         0x080002c7   Thumb Code     0  startup_stm32h743xx.o(.text)
    EXTI9_5_IRQHandler                       0x080002c7   Thumb Code     0  startup_stm32h743xx.o(.text)
    FDCAN1_IT0_IRQHandler                    0x080002c7   Thumb Code     0  startup_stm32h743xx.o(.text)
    FDCAN1_IT1_IRQHandler                    0x080002c7   Thumb Code     0  startup_stm32h743xx.o(.text)
    FDCAN2_IT0_IRQHandler                    0x080002c7   Thumb Code     0  startup_stm32h743xx.o(.text)
    FDCAN2_IT1_IRQHandler                    0x080002c7   Thumb Code     0  startup_stm32h743xx.o(.text)
    FDCAN_CAL_IRQHandler                     0x080002c7   Thumb Code     0  startup_stm32h743xx.o(.text)
    FLASH_IRQHandler                         0x080002c7   Thumb Code     0  startup_stm32h743xx.o(.text)
    FMC_IRQHandler                           0x080002c7   Thumb Code     0  startup_stm32h743xx.o(.text)
    FPU_IRQHandler                           0x080002c7   Thumb Code     0  startup_stm32h743xx.o(.text)
    HRTIM1_FLT_IRQHandler                    0x080002c7   Thumb Code     0  startup_stm32h743xx.o(.text)
    HRTIM1_Master_IRQHandler                 0x080002c7   Thumb Code     0  startup_stm32h743xx.o(.text)
    HRTIM1_TIMA_IRQHandler                   0x080002c7   Thumb Code     0  startup_stm32h743xx.o(.text)
    HRTIM1_TIMB_IRQHandler                   0x080002c7   Thumb Code     0  startup_stm32h743xx.o(.text)
    HRTIM1_TIMC_IRQHandler                   0x080002c7   Thumb Code     0  startup_stm32h743xx.o(.text)
    HRTIM1_TIMD_IRQHandler                   0x080002c7   Thumb Code     0  startup_stm32h743xx.o(.text)
    HRTIM1_TIME_IRQHandler                   0x080002c7   Thumb Code     0  startup_stm32h743xx.o(.text)
    HSEM1_IRQHandler                         0x080002c7   Thumb Code     0  startup_stm32h743xx.o(.text)
    I2C1_ER_IRQHandler                       0x080002c7   Thumb Code     0  startup_stm32h743xx.o(.text)
    I2C1_EV_IRQHandler                       0x080002c7   Thumb Code     0  startup_stm32h743xx.o(.text)
    I2C2_ER_IRQHandler                       0x080002c7   Thumb Code     0  startup_stm32h743xx.o(.text)
    I2C2_EV_IRQHandler                       0x080002c7   Thumb Code     0  startup_stm32h743xx.o(.text)
    I2C3_ER_IRQHandler                       0x080002c7   Thumb Code     0  startup_stm32h743xx.o(.text)
    I2C3_EV_IRQHandler                       0x080002c7   Thumb Code     0  startup_stm32h743xx.o(.text)
    I2C4_ER_IRQHandler                       0x080002c7   Thumb Code     0  startup_stm32h743xx.o(.text)
    I2C4_EV_IRQHandler                       0x080002c7   Thumb Code     0  startup_stm32h743xx.o(.text)
    JPEG_IRQHandler                          0x080002c7   Thumb Code     0  startup_stm32h743xx.o(.text)
    LPTIM1_IRQHandler                        0x080002c7   Thumb Code     0  startup_stm32h743xx.o(.text)
    LPTIM2_IRQHandler                        0x080002c7   Thumb Code     0  startup_stm32h743xx.o(.text)
    LPTIM3_IRQHandler                        0x080002c7   Thumb Code     0  startup_stm32h743xx.o(.text)
    LPTIM4_IRQHandler                        0x080002c7   Thumb Code     0  startup_stm32h743xx.o(.text)
    LPTIM5_IRQHandler                        0x080002c7   Thumb Code     0  startup_stm32h743xx.o(.text)
    LPUART1_IRQHandler                       0x080002c7   Thumb Code     0  startup_stm32h743xx.o(.text)
    LTDC_ER_IRQHandler                       0x080002c7   Thumb Code     0  startup_stm32h743xx.o(.text)
    LTDC_IRQHandler                          0x080002c7   Thumb Code     0  startup_stm32h743xx.o(.text)
    MDIOS_IRQHandler                         0x080002c7   Thumb Code     0  startup_stm32h743xx.o(.text)
    MDIOS_WKUP_IRQHandler                    0x080002c7   Thumb Code     0  startup_stm32h743xx.o(.text)
    MDMA_IRQHandler                          0x080002c7   Thumb Code     0  startup_stm32h743xx.o(.text)
    OTG_FS_EP1_IN_IRQHandler                 0x080002c7   Thumb Code     0  startup_stm32h743xx.o(.text)
    OTG_FS_EP1_OUT_IRQHandler                0x080002c7   Thumb Code     0  startup_stm32h743xx.o(.text)
    OTG_FS_IRQHandler                        0x080002c7   Thumb Code     0  startup_stm32h743xx.o(.text)
    OTG_FS_WKUP_IRQHandler                   0x080002c7   Thumb Code     0  startup_stm32h743xx.o(.text)
    OTG_HS_EP1_IN_IRQHandler                 0x080002c7   Thumb Code     0  startup_stm32h743xx.o(.text)
    OTG_HS_EP1_OUT_IRQHandler                0x080002c7   Thumb Code     0  startup_stm32h743xx.o(.text)
    OTG_HS_IRQHandler                        0x080002c7   Thumb Code     0  startup_stm32h743xx.o(.text)
    OTG_HS_WKUP_IRQHandler                   0x080002c7   Thumb Code     0  startup_stm32h743xx.o(.text)
    PVD_AVD_IRQHandler                       0x080002c7   Thumb Code     0  startup_stm32h743xx.o(.text)
    QUADSPI_IRQHandler                       0x080002c7   Thumb Code     0  startup_stm32h743xx.o(.text)
    RCC_IRQHandler                           0x080002c7   Thumb Code     0  startup_stm32h743xx.o(.text)
    RNG_IRQHandler                           0x080002c7   Thumb Code     0  startup_stm32h743xx.o(.text)
    RTC_Alarm_IRQHandler                     0x080002c7   Thumb Code     0  startup_stm32h743xx.o(.text)
    RTC_WKUP_IRQHandler                      0x080002c7   Thumb Code     0  startup_stm32h743xx.o(.text)
    SAI1_IRQHandler                          0x080002c7   Thumb Code     0  startup_stm32h743xx.o(.text)
    SAI2_IRQHandler                          0x080002c7   Thumb Code     0  startup_stm32h743xx.o(.text)
    SAI3_IRQHandler                          0x080002c7   Thumb Code     0  startup_stm32h743xx.o(.text)
    SAI4_IRQHandler                          0x080002c7   Thumb Code     0  startup_stm32h743xx.o(.text)
    SDMMC1_IRQHandler                        0x080002c7   Thumb Code     0  startup_stm32h743xx.o(.text)
    SDMMC2_IRQHandler                        0x080002c7   Thumb Code     0  startup_stm32h743xx.o(.text)
    SPDIF_RX_IRQHandler                      0x080002c7   Thumb Code     0  startup_stm32h743xx.o(.text)
    SPI1_IRQHandler                          0x080002c7   Thumb Code     0  startup_stm32h743xx.o(.text)
    SPI2_IRQHandler                          0x080002c7   Thumb Code     0  startup_stm32h743xx.o(.text)
    SPI3_IRQHandler                          0x080002c7   Thumb Code     0  startup_stm32h743xx.o(.text)
    SPI4_IRQHandler                          0x080002c7   Thumb Code     0  startup_stm32h743xx.o(.text)
    SPI5_IRQHandler                          0x080002c7   Thumb Code     0  startup_stm32h743xx.o(.text)
    SPI6_IRQHandler                          0x080002c7   Thumb Code     0  startup_stm32h743xx.o(.text)
    SWPMI1_IRQHandler                        0x080002c7   Thumb Code     0  startup_stm32h743xx.o(.text)
    TAMP_STAMP_IRQHandler                    0x080002c7   Thumb Code     0  startup_stm32h743xx.o(.text)
    TIM15_IRQHandler                         0x080002c7   Thumb Code     0  startup_stm32h743xx.o(.text)
    TIM16_IRQHandler                         0x080002c7   Thumb Code     0  startup_stm32h743xx.o(.text)
    TIM17_IRQHandler                         0x080002c7   Thumb Code     0  startup_stm32h743xx.o(.text)
    TIM1_BRK_IRQHandler                      0x080002c7   Thumb Code     0  startup_stm32h743xx.o(.text)
    TIM1_CC_IRQHandler                       0x080002c7   Thumb Code     0  startup_stm32h743xx.o(.text)
    TIM1_TRG_COM_IRQHandler                  0x080002c7   Thumb Code     0  startup_stm32h743xx.o(.text)
    TIM1_UP_IRQHandler                       0x080002c7   Thumb Code     0  startup_stm32h743xx.o(.text)
    TIM2_IRQHandler                          0x080002c7   Thumb Code     0  startup_stm32h743xx.o(.text)
    TIM3_IRQHandler                          0x080002c7   Thumb Code     0  startup_stm32h743xx.o(.text)
    TIM4_IRQHandler                          0x080002c7   Thumb Code     0  startup_stm32h743xx.o(.text)
    TIM5_IRQHandler                          0x080002c7   Thumb Code     0  startup_stm32h743xx.o(.text)
    TIM7_IRQHandler                          0x080002c7   Thumb Code     0  startup_stm32h743xx.o(.text)
    TIM8_BRK_TIM12_IRQHandler                0x080002c7   Thumb Code     0  startup_stm32h743xx.o(.text)
    TIM8_CC_IRQHandler                       0x080002c7   Thumb Code     0  startup_stm32h743xx.o(.text)
    TIM8_TRG_COM_TIM14_IRQHandler            0x080002c7   Thumb Code     0  startup_stm32h743xx.o(.text)
    TIM8_UP_TIM13_IRQHandler                 0x080002c7   Thumb Code     0  startup_stm32h743xx.o(.text)
    UART4_IRQHandler                         0x080002c7   Thumb Code     0  startup_stm32h743xx.o(.text)
    UART5_IRQHandler                         0x080002c7   Thumb Code     0  startup_stm32h743xx.o(.text)
    UART7_IRQHandler                         0x080002c7   Thumb Code     0  startup_stm32h743xx.o(.text)
    UART8_IRQHandler                         0x080002c7   Thumb Code     0  startup_stm32h743xx.o(.text)
    USART2_IRQHandler                        0x080002c7   Thumb Code     0  startup_stm32h743xx.o(.text)
    USART3_IRQHandler                        0x080002c7   Thumb Code     0  startup_stm32h743xx.o(.text)
    USART6_IRQHandler                        0x080002c7   Thumb Code     0  startup_stm32h743xx.o(.text)
    WAKEUP_PIN_IRQHandler                    0x080002c7   Thumb Code     0  startup_stm32h743xx.o(.text)
    WWDG_IRQHandler                          0x080002c7   Thumb Code     0  startup_stm32h743xx.o(.text)
    __aeabi_uldivmod                         0x080002d1   Thumb Code    98  uldiv.o(.text)
    __aeabi_memset                           0x08000333   Thumb Code    14  memseta.o(.text)
    __aeabi_memset4                          0x08000333   Thumb Code     0  memseta.o(.text)
    __aeabi_memset8                          0x08000333   Thumb Code     0  memseta.o(.text)
    __aeabi_memclr                           0x08000341   Thumb Code     4  memseta.o(.text)
    __aeabi_memclr4                          0x08000341   Thumb Code     0  memseta.o(.text)
    __aeabi_memclr8                          0x08000341   Thumb Code     0  memseta.o(.text)
    _memset$wrapper                          0x08000345   Thumb Code    18  memseta.o(.text)
    __aeabi_uidiv                            0x08000357   Thumb Code     0  uidiv.o(.text)
    __aeabi_uidivmod                         0x08000357   Thumb Code    44  uidiv.o(.text)
    __aeabi_llsl                             0x08000383   Thumb Code    30  llshl.o(.text)
    _ll_shift_l                              0x08000383   Thumb Code     0  llshl.o(.text)
    __aeabi_llsr                             0x080003a1   Thumb Code    32  llushr.o(.text)
    _ll_ushift_r                             0x080003a1   Thumb Code     0  llushr.o(.text)
    __I$use$fp                               0x080003c1   Thumb Code     0  iusefp.o(.text)
    __aeabi_dadd                             0x080003c1   Thumb Code   322  dadd.o(.text)
    __aeabi_dsub                             0x08000503   Thumb Code     6  dadd.o(.text)
    __aeabi_drsub                            0x08000509   Thumb Code     6  dadd.o(.text)
    __aeabi_dmul                             0x0800050f   Thumb Code   228  dmul.o(.text)
    __aeabi_ddiv                             0x080005f3   Thumb Code   222  ddiv.o(.text)
    __aeabi_d2ulz                            0x080006d1   Thumb Code    48  dfixul.o(.text)
    __aeabi_cdrcmple                         0x08000701   Thumb Code    48  cdrcmple.o(.text)
    __scatterload                            0x08000731   Thumb Code    38  init.o(.text)
    __scatterload_rt2                        0x08000731   Thumb Code     0  init.o(.text)
    __aeabi_lasr                             0x08000761   Thumb Code    36  llsshr.o(.text)
    _ll_sshift_r                             0x08000761   Thumb Code     0  llsshr.o(.text)
    _double_round                            0x08000785   Thumb Code    30  depilogue.o(.text)
    _double_epilogue                         0x080007a3   Thumb Code   156  depilogue.o(.text)
    BusFault_Handler                         0x08000841   Thumb Code     2  stm32h7xx_it.o(.text.BusFault_Handler)
    DMA1_Stream0_IRQHandler                  0x08000849   Thumb Code    12  stm32h7xx_it.o(.text.DMA1_Stream0_IRQHandler)
    DebugMon_Handler                         0x08000c89   Thumb Code     2  stm32h7xx_it.o(.text.DebugMon_Handler)
    Error_Handler                            0x08000c91   Thumb Code     6  main.o(.text.Error_Handler)
    HAL_DMA_Abort                            0x08000c99   Thumb Code  1318  stm32h7xx_hal_dma.o(.text.HAL_DMA_Abort)
    HAL_DMA_Abort_IT                         0x080011c1   Thumb Code   694  stm32h7xx_hal_dma.o(.text.HAL_DMA_Abort_IT)
    HAL_DMA_IRQHandler                       0x08001479   Thumb Code  2084  stm32h7xx_hal_dma.o(.text.HAL_DMA_IRQHandler)
    HAL_DMA_Init                             0x08001ca1   Thumb Code  1630  stm32h7xx_hal_dma.o(.text.HAL_DMA_Init)
    HAL_DMA_Start_IT                         0x08002301   Thumb Code   938  stm32h7xx_hal_dma.o(.text.HAL_DMA_Start_IT)
    HAL_GPIO_Init                            0x080026b1   Thumb Code   482  stm32h7xx_hal_gpio.o(.text.HAL_GPIO_Init)
    HAL_GPIO_ReadPin                         0x08002899   Thumb Code    10  stm32h7xx_hal_gpio.o(.text.HAL_GPIO_ReadPin)
    HAL_GPIO_TogglePin                       0x080028a9   Thumb Code    16  stm32h7xx_hal_gpio.o(.text.HAL_GPIO_TogglePin)
    HAL_GPIO_WritePin                        0x080028b9   Thumb Code    10  stm32h7xx_hal_gpio.o(.text.HAL_GPIO_WritePin)
    HAL_GetREVID                             0x080028c9   Thumb Code    14  stm32h7xx_hal.o(.text.HAL_GetREVID)
    HAL_GetTick                              0x080028d9   Thumb Code    12  stm32h7xx_hal.o(.text.HAL_GetTick)
    HAL_I2CEx_ConfigAnalogFilter             0x080028e9   Thumb Code    74  stm32h7xx_hal_i2c_ex.o(.text.HAL_I2CEx_ConfigAnalogFilter)
    HAL_I2CEx_ConfigDigitalFilter            0x08002939   Thumb Code    72  stm32h7xx_hal_i2c_ex.o(.text.HAL_I2CEx_ConfigDigitalFilter)
    HAL_I2C_Init                             0x08002981   Thumb Code   176  stm32h7xx_hal_i2c.o(.text.HAL_I2C_Init)
    HAL_I2C_Master_Receive                   0x08002a31   Thumb Code   430  stm32h7xx_hal_i2c.o(.text.HAL_I2C_Master_Receive)
    HAL_I2C_Master_Transmit                  0x08002be1   Thumb Code   470  stm32h7xx_hal_i2c.o(.text.HAL_I2C_Master_Transmit)
    HAL_I2C_MspInit                          0x08002db9   Thumb Code   146  i2c.o(.text.HAL_I2C_MspInit)
    HAL_IncTick                              0x08002e51   Thumb Code    26  stm32h7xx_hal.o(.text.HAL_IncTick)
    HAL_Init                                 0x08002e71   Thumb Code   100  stm32h7xx_hal.o(.text.HAL_Init)
    HAL_InitTick                             0x08002ed9   Thumb Code    80  stm32h7xx_hal.o(.text.HAL_InitTick)
    HAL_MspInit                              0x08002f29   Thumb Code    32  stm32h7xx_hal_msp.o(.text.HAL_MspInit)
    HAL_NVIC_EnableIRQ                       0x08002f49   Thumb Code    34  stm32h7xx_hal_cortex.o(.text.HAL_NVIC_EnableIRQ)
    HAL_NVIC_SetPriority                     0x08002f71   Thumb Code    90  stm32h7xx_hal_cortex.o(.text.HAL_NVIC_SetPriority)
    HAL_NVIC_SetPriorityGrouping             0x08002fd1   Thumb Code    32  stm32h7xx_hal_cortex.o(.text.HAL_NVIC_SetPriorityGrouping)
    HAL_PWREx_ConfigSupply                   0x08002ff1   Thumb Code    76  stm32h7xx_hal_pwr_ex.o(.text.HAL_PWREx_ConfigSupply)
    HAL_RCCEx_GetD3PCLK1Freq                 0x08003041   Thumb Code    38  stm32h7xx_hal_rcc_ex.o(.text.HAL_RCCEx_GetD3PCLK1Freq)
    HAL_RCCEx_GetPLL2ClockFreq               0x08003069   Thumb Code   280  stm32h7xx_hal_rcc_ex.o(.text.HAL_RCCEx_GetPLL2ClockFreq)
    HAL_RCCEx_GetPLL3ClockFreq               0x08003191   Thumb Code   280  stm32h7xx_hal_rcc_ex.o(.text.HAL_RCCEx_GetPLL3ClockFreq)
    HAL_RCCEx_PeriphCLKConfig                0x080032b9   Thumb Code  2828  stm32h7xx_hal_rcc_ex.o(.text.HAL_RCCEx_PeriphCLKConfig)
    HAL_RCC_ClockConfig                      0x08003dc9   Thumb Code   596  stm32h7xx_hal_rcc.o(.text.HAL_RCC_ClockConfig)
    HAL_RCC_GetHCLKFreq                      0x08004021   Thumb Code    76  stm32h7xx_hal_rcc.o(.text.HAL_RCC_GetHCLKFreq)
    HAL_RCC_GetPCLK1Freq                     0x08004071   Thumb Code    96  stm32h7xx_hal_rcc.o(.text.HAL_RCC_GetPCLK1Freq)
    HAL_RCC_GetPCLK2Freq                     0x080040d1   Thumb Code    96  stm32h7xx_hal_rcc.o(.text.HAL_RCC_GetPCLK2Freq)
    HAL_RCC_GetSysClockFreq                  0x08004131   Thumb Code   264  stm32h7xx_hal_rcc.o(.text.HAL_RCC_GetSysClockFreq)
    HAL_RCC_OscConfig                        0x08004251   Thumb Code  1388  stm32h7xx_hal_rcc.o(.text.HAL_RCC_OscConfig)
    HAL_SYSTICK_Config                       0x080047c1   Thumb Code    46  stm32h7xx_hal_cortex.o(.text.HAL_SYSTICK_Config)
    HAL_TIMEx_Break2Callback                 0x080047f1   Thumb Code     2  stm32h7xx_hal_tim_ex.o(.text.HAL_TIMEx_Break2Callback)
    HAL_TIMEx_BreakCallback                  0x080047f9   Thumb Code     2  stm32h7xx_hal_tim_ex.o(.text.HAL_TIMEx_BreakCallback)
    HAL_TIMEx_CommutCallback                 0x08004801   Thumb Code     2  stm32h7xx_hal_tim_ex.o(.text.HAL_TIMEx_CommutCallback)
    HAL_TIMEx_MasterConfigSynchronization    0x08004809   Thumb Code   206  stm32h7xx_hal_tim_ex.o(.text.HAL_TIMEx_MasterConfigSynchronization)
    HAL_TIM_Base_Init                        0x080048d9   Thumb Code    96  stm32h7xx_hal_tim.o(.text.HAL_TIM_Base_Init)
    HAL_TIM_Base_MspInit                     0x08004939   Thumb Code   110  tim.o(.text.HAL_TIM_Base_MspInit)
    HAL_TIM_Base_Start                       0x080049a9   Thumb Code   172  stm32h7xx_hal_tim.o(.text.HAL_TIM_Base_Start)
    HAL_TIM_Base_Start_IT                    0x08004a59   Thumb Code   180  stm32h7xx_hal_tim.o(.text.HAL_TIM_Base_Start_IT)
    HAL_TIM_Base_Stop                        0x08004b11   Thumb Code    56  stm32h7xx_hal_tim.o(.text.HAL_TIM_Base_Stop)
    HAL_TIM_IC_CaptureCallback               0x08004b49   Thumb Code     2  stm32h7xx_hal_tim.o(.text.HAL_TIM_IC_CaptureCallback)
    HAL_TIM_IRQHandler                       0x08004b51   Thumb Code   364  stm32h7xx_hal_tim.o(.text.HAL_TIM_IRQHandler)
    HAL_TIM_OC_DelayElapsedCallback          0x08004cc1   Thumb Code     2  stm32h7xx_hal_tim.o(.text.HAL_TIM_OC_DelayElapsedCallback)
    HAL_TIM_PWM_PulseFinishedCallback        0x08004cc9   Thumb Code     2  stm32h7xx_hal_tim.o(.text.HAL_TIM_PWM_PulseFinishedCallback)
    HAL_TIM_PeriodElapsedCallback            0x08004cd1   Thumb Code     2  time.o(.text.HAL_TIM_PeriodElapsedCallback)
    HAL_TIM_TriggerCallback                  0x08004cd9   Thumb Code     2  stm32h7xx_hal_tim.o(.text.HAL_TIM_TriggerCallback)
    HAL_UARTEx_DisableFifoMode               0x08004ce1   Thumb Code    54  stm32h7xx_hal_uart_ex.o(.text.HAL_UARTEx_DisableFifoMode)
    HAL_UARTEx_ReceiveToIdle_DMA             0x08004d19   Thumb Code   152  stm32h7xx_hal_uart_ex.o(.text.HAL_UARTEx_ReceiveToIdle_DMA)
    HAL_UARTEx_RxEventCallback               0x08004db1   Thumb Code    30  uart.o(.text.HAL_UARTEx_RxEventCallback)
    HAL_UARTEx_RxFifoFullCallback            0x08004dd1   Thumb Code     2  stm32h7xx_hal_uart_ex.o(.text.HAL_UARTEx_RxFifoFullCallback)
    HAL_UARTEx_SetRxFifoThreshold            0x08004dd9   Thumb Code   140  stm32h7xx_hal_uart_ex.o(.text.HAL_UARTEx_SetRxFifoThreshold)
    HAL_UARTEx_SetTxFifoThreshold            0x08004e69   Thumb Code   140  stm32h7xx_hal_uart_ex.o(.text.HAL_UARTEx_SetTxFifoThreshold)
    HAL_UARTEx_TxFifoEmptyCallback           0x08004ef9   Thumb Code     2  stm32h7xx_hal_uart_ex.o(.text.HAL_UARTEx_TxFifoEmptyCallback)
    HAL_UARTEx_WakeupCallback                0x08004f01   Thumb Code     2  stm32h7xx_hal_uart_ex.o(.text.HAL_UARTEx_WakeupCallback)
    HAL_UART_ErrorCallback                   0x08004f09   Thumb Code     2  stm32h7xx_hal_uart.o(.text.HAL_UART_ErrorCallback)
    HAL_UART_IRQHandler                      0x08004f11   Thumb Code  1674  stm32h7xx_hal_uart.o(.text.HAL_UART_IRQHandler)
    HAL_UART_Init                            0x080055a1   Thumb Code   100  stm32h7xx_hal_uart.o(.text.HAL_UART_Init)
    HAL_UART_MspInit                         0x08005609   Thumb Code   220  usart.o(.text.HAL_UART_MspInit)
    HAL_UART_RxCpltCallback                  0x080056e9   Thumb Code     2  stm32h7xx_hal_uart.o(.text.HAL_UART_RxCpltCallback)
    HAL_UART_RxHalfCpltCallback              0x080056f1   Thumb Code     2  stm32h7xx_hal_uart.o(.text.HAL_UART_RxHalfCpltCallback)
    HAL_UART_Transmit                        0x080056f9   Thumb Code   364  stm32h7xx_hal_uart.o(.text.HAL_UART_Transmit)
    HAL_UART_TxCpltCallback                  0x08005869   Thumb Code     2  stm32h7xx_hal_uart.o(.text.HAL_UART_TxCpltCallback)
    HardFault_Handler                        0x08005871   Thumb Code     2  stm32h7xx_it.o(.text.HardFault_Handler)
    Hcsr04Read                               0x08005879   Thumb Code   192  hcsr04.o(.text.Hcsr04Read)
    KeyScan                                  0x08005d99   Thumb Code   210  key.o(.text.KeyScan)
    LedInit                                  0x08005e71   Thumb Code    40  led.o(.text.LedInit)
    MX_DMA_Init                              0x08005ea9   Thumb Code    52  dma.o(.text.MX_DMA_Init)
    MX_GPIO_Init                             0x08005ee1   Thumb Code   242  gpio.o(.text.MX_GPIO_Init)
    MX_I2C1_Init                             0x08005fd9   Thumb Code   106  i2c.o(.text.MX_I2C1_Init)
    MX_TIM6_Init                             0x08006049   Thumb Code    80  tim.o(.text.MX_TIM6_Init)
    MX_TIM7_Init                             0x08006099   Thumb Code    80  tim.o(.text.MX_TIM7_Init)
    MX_USART1_UART_Init                      0x080060e9   Thumb Code   124  usart.o(.text.MX_USART1_UART_Init)
    MemManage_Handler                        0x08006169   Thumb Code     2  stm32h7xx_it.o(.text.MemManage_Handler)
    NMI_Handler                              0x08006171   Thumb Code     2  stm32h7xx_it.o(.text.NMI_Handler)
    PendSV_Handler                           0x08006179   Thumb Code     2  stm32h7xx_it.o(.text.PendSV_Handler)
    SVC_Handler                              0x080063d1   Thumb Code     2  stm32h7xx_it.o(.text.SVC_Handler)
    SensorInit                               0x080063d9   Thumb Code    48  shtx.o(.text.SensorInit)
    SensorShow                               0x08006419   Thumb Code   148  shtx.o(.text.SensorShow)
    SysTick_Handler                          0x080064d1   Thumb Code     4  stm32h7xx_it.o(.text.SysTick_Handler)
    Sys_Init                                 0x080064d9   Thumb Code    22  bsp.o(.text.Sys_Init)
    Sys_Run                                  0x080064f1   Thumb Code    18  bsp.o(.text.Sys_Run)
    SystemClock_Config                       0x08006509   Thumb Code   216  main.o(.text.SystemClock_Config)
    SystemInit                               0x080065e1   Thumb Code   204  system_stm32h7xx.o(.text.SystemInit)
    TIM6_DAC_IRQHandler                      0x080066b1   Thumb Code    12  stm32h7xx_it.o(.text.TIM6_DAC_IRQHandler)
    TIM_Base_SetConfig                       0x080066c1   Thumb Code   334  stm32h7xx_hal_tim.o(.text.TIM_Base_SetConfig)
    TimerInit                                0x08006811   Thumb Code    24  time.o(.text.TimerInit)
    UART_AdvFeatureConfig                    0x08006839   Thumb Code   224  stm32h7xx_hal_uart.o(.text.UART_AdvFeatureConfig)
    UART_CheckIdleState                      0x08006919   Thumb Code   366  stm32h7xx_hal_uart.o(.text.UART_CheckIdleState)
    UART_SetConfig                           0x08006e51   Thumb Code  1152  stm32h7xx_hal_uart.o(.text.UART_SetConfig)
    UART_Start_Receive_DMA                   0x080072d9   Thumb Code   340  stm32h7xx_hal_uart.o(.text.UART_Start_Receive_DMA)
    UART_WaitOnFlagUntilTimeout              0x08007431   Thumb Code   856  stm32h7xx_hal_uart.o(.text.UART_WaitOnFlagUntilTimeout)
    USART1_IRQHandler                        0x08007789   Thumb Code    12  stm32h7xx_it.o(.text.USART1_IRQHandler)
    UartInit                                 0x08007799   Thumb Code    40  uart.o(.text.UartInit)
    UartProc                                 0x080077d1   Thumb Code   100  uart.o(.text.UartProc)
    UsageFault_Handler                       0x08007841   Thumb Code     2  stm32h7xx_it.o(.text.UsageFault_Handler)
    delay_us                                 0x08007849   Thumb Code    74  bsp.o(.text.delay_us)
    fputc                                    0x08007899   Thumb Code    32  uart.o(.text.fputc)
    main                                     0x080078b9   Thumb Code    42  main.o(.text.main)
    __0printf                                0x080078e5   Thumb Code    22  printfa.o(i.__0printf)
    __1printf                                0x080078e5   Thumb Code     0  printfa.o(i.__0printf)
    __2printf                                0x080078e5   Thumb Code     0  printfa.o(i.__0printf)
    __c89printf                              0x080078e5   Thumb Code     0  printfa.o(i.__0printf)
    printf                                   0x080078e5   Thumb Code     0  printfa.o(i.__0printf)
    __scatterload_copy                       0x08007905   Thumb Code    14  handlers.o(i.__scatterload_copy)
    __scatterload_null                       0x08007913   Thumb Code     2  handlers.o(i.__scatterload_null)
    __scatterload_zeroinit                   0x08007915   Thumb Code    14  handlers.o(i.__scatterload_zeroinit)
    puts                                     0x080081d9   Thumb Code    30  puts.o(i.puts)
    D1CorePrescTable                         0x08008208   Data          16  system_stm32h7xx.o(.rodata.D1CorePrescTable)
    UARTPrescTable                           0x08008218   Data          24  stm32h7xx_hal_uart.o(.rodata.UARTPrescTable)
    Region$$Table$$Base                      0x08008240   Number         0  anon$$obj.o(Region$$Table)
    Region$$Table$$Limit                     0x08008260   Number         0  anon$$obj.o(Region$$Table)
    __stdout                                 0x24000000   Data           4  stdout.o(.data)
    uwTickFreq                               0x24000004   Data           1  stm32h7xx_hal.o(.data..L_MergedGlobals)
    uwTickPrio                               0x24000008   Data           4  stm32h7xx_hal.o(.data..L_MergedGlobals)
    SystemCoreClock                          0x2400000c   Data           4  system_stm32h7xx.o(.data..L_MergedGlobals)
    SystemD2Clock                            0x24000010   Data           4  system_stm32h7xx.o(.data..L_MergedGlobals)
    SHT3X_Fetchcommand_Buffer                0x24000014   Data           2  shtx.o(.data.SHT3X_Fetchcommand_Buffer)
    SHT3X_Modecommand_Buffer                 0x24000016   Data           2  shtx.o(.data.SHT3X_Modecommand_Buffer)
    uart_flag                                0x24000040   Data           1  uart.o(.bss..L_MergedGlobals)
    uart1_rx_len                             0x24000042   Data           2  uart.o(.bss..L_MergedGlobals)
    Rx                                       0x24000060   Data          64  uart.o(.bss..L_MergedGlobals)
    Tem                                      0x240000a0   Data           4  shtx.o(.bss..L_MergedGlobals)
    Hum                                      0x240000a4   Data           4  shtx.o(.bss..L_MergedGlobals)
    SHT3X_Data_Buffer                        0x240000a8   Data           6  shtx.o(.bss..L_MergedGlobals)
    Hcsr04_Echo_State                        0x240000b0   Data           1  hcsr04.o(.bss..L_MergedGlobals)
    count                                    0x240000b4   Data           4  hcsr04.o(.bss..L_MergedGlobals)
    hdma_usart1_rx                           0x240000b8   Data         120  usart.o(.bss.hdma_usart1_rx)
    hi2c1                                    0x24000130   Data          84  i2c.o(.bss.hi2c1)
    htim6                                    0x24000184   Data          76  tim.o(.bss.htim6)
    htim7                                    0x240001d0   Data          76  tim.o(.bss.htim7)
    huart1                                   0x2400021c   Data         148  usart.o(.bss.huart1)
    uwTick                                   0x240002b0   Data           4  stm32h7xx_hal.o(.bss.uwTick)
    __initial_sp                             0x240006b8   Data           0  startup_stm32h743xx.o(STACK)



==============================================================================

Memory Map of the image

  Image Entry point : 0x08000299

  Load Region LR_IROM1 (Base: 0x08000000, Size: 0x00008280, Max: 0x00200000, ABSOLUTE)

    Execution Region ER_IROM1 (Exec base: 0x08000000, Load base: 0x08000000, Size: 0x00008260, Max: 0x00200000, ABSOLUTE)

    Exec Addr    Load Addr    Size         Type   Attr      Idx    E Section Name        Object

    0x08000000   0x08000000   0x00000298   Data   RO            3    RESET               startup_stm32h743xx.o
    0x08000298   0x08000298   0x00000000   Code   RO         1562  * .ARM.Collect$$$$00000000  mc_w.l(entry.o)
    0x08000298   0x08000298   0x00000004   Code   RO         1834    .ARM.Collect$$$$00000001  mc_w.l(entry2.o)
    0x0800029c   0x0800029c   0x00000004   Code   RO         1837    .ARM.Collect$$$$00000004  mc_w.l(entry5.o)
    0x080002a0   0x080002a0   0x00000000   Code   RO         1839    .ARM.Collect$$$$00000008  mc_w.l(entry7b.o)
    0x080002a0   0x080002a0   0x00000000   Code   RO         1841    .ARM.Collect$$$$0000000A  mc_w.l(entry8b.o)
    0x080002a0   0x080002a0   0x00000008   Code   RO         1842    .ARM.Collect$$$$0000000B  mc_w.l(entry9a.o)
    0x080002a8   0x080002a8   0x00000000   Code   RO         1844    .ARM.Collect$$$$0000000D  mc_w.l(entry10a.o)
    0x080002a8   0x080002a8   0x00000000   Code   RO         1846    .ARM.Collect$$$$0000000F  mc_w.l(entry11a.o)
    0x080002a8   0x080002a8   0x00000004   Code   RO         1835    .ARM.Collect$$$$00002712  mc_w.l(entry2.o)
    0x080002ac   0x080002ac   0x00000024   Code   RO            4    .text               startup_stm32h743xx.o
    0x080002d0   0x080002d0   0x00000062   Code   RO         1569    .text               mc_w.l(uldiv.o)
    0x08000332   0x08000332   0x00000024   Code   RO         1571    .text               mc_w.l(memseta.o)
    0x08000356   0x08000356   0x0000002c   Code   RO         1858    .text               mc_w.l(uidiv.o)
    0x08000382   0x08000382   0x0000001e   Code   RO         1860    .text               mc_w.l(llshl.o)
    0x080003a0   0x080003a0   0x00000020   Code   RO         1862    .text               mc_w.l(llushr.o)
    0x080003c0   0x080003c0   0x00000000   Code   RO         1864    .text               mc_w.l(iusefp.o)
    0x080003c0   0x080003c0   0x0000014e   Code   RO         1865    .text               mf_w.l(dadd.o)
    0x0800050e   0x0800050e   0x000000e4   Code   RO         1867    .text               mf_w.l(dmul.o)
    0x080005f2   0x080005f2   0x000000de   Code   RO         1869    .text               mf_w.l(ddiv.o)
    0x080006d0   0x080006d0   0x00000030   Code   RO         1871    .text               mf_w.l(dfixul.o)
    0x08000700   0x08000700   0x00000030   Code   RO         1873    .text               mf_w.l(cdrcmple.o)
    0x08000730   0x08000730   0x00000030   Code   RO         1875    .text               mc_w.l(init.o)
    0x08000760   0x08000760   0x00000024   Code   RO         1877    .text               mc_w.l(llsshr.o)
    0x08000784   0x08000784   0x000000ba   Code   RO         1879    .text               mf_w.l(depilogue.o)
    0x0800083e   0x0800083e   0x00000002   PAD
    0x08000840   0x08000840   0x00000002   Code   RO           98    .text.BusFault_Handler  stm32h7xx_it.o
    0x08000842   0x08000842   0x00000006   PAD
    0x08000848   0x08000848   0x0000000c   Code   RO          110    .text.DMA1_Stream0_IRQHandler  stm32h7xx_it.o
    0x08000854   0x08000854   0x00000004   PAD
    0x08000858   0x08000858   0x00000128   Code   RO          668    .text.DMA_CalcBaseAndBitshift  stm32h7xx_hal_dma.o
    0x08000980   0x08000980   0x00000308   Code   RO          674    .text.DMA_SetConfig  stm32h7xx_hal_dma.o
    0x08000c88   0x08000c88   0x00000002   Code   RO          104    .text.DebugMon_Handler  stm32h7xx_it.o
    0x08000c8a   0x08000c8a   0x00000006   PAD
    0x08000c90   0x08000c90   0x00000006   Code   RO           15    .text.Error_Handler  main.o
    0x08000c96   0x08000c96   0x00000002   PAD
    0x08000c98   0x08000c98   0x00000526   Code   RO          678    .text.HAL_DMA_Abort  stm32h7xx_hal_dma.o
    0x080011be   0x080011be   0x00000002   PAD
    0x080011c0   0x080011c0   0x000002b6   Code   RO          680    .text.HAL_DMA_Abort_IT  stm32h7xx_hal_dma.o
    0x08001476   0x08001476   0x00000002   PAD
    0x08001478   0x08001478   0x00000824   Code   RO          684    .text.HAL_DMA_IRQHandler  stm32h7xx_hal_dma.o
    0x08001c9c   0x08001c9c   0x00000004   PAD
    0x08001ca0   0x08001ca0   0x0000065e   Code   RO          666    .text.HAL_DMA_Init  stm32h7xx_hal_dma.o
    0x080022fe   0x080022fe   0x00000002   PAD
    0x08002300   0x08002300   0x000003aa   Code   RO          676    .text.HAL_DMA_Start_IT  stm32h7xx_hal_dma.o
    0x080026aa   0x080026aa   0x00000006   PAD
    0x080026b0   0x080026b0   0x000001e2   Code   RO          612    .text.HAL_GPIO_Init  stm32h7xx_hal_gpio.o
    0x08002892   0x08002892   0x00000006   PAD
    0x08002898   0x08002898   0x0000000a   Code   RO          616    .text.HAL_GPIO_ReadPin  stm32h7xx_hal_gpio.o
    0x080028a2   0x080028a2   0x00000006   PAD
    0x080028a8   0x080028a8   0x00000010   Code   RO          620    .text.HAL_GPIO_TogglePin  stm32h7xx_hal_gpio.o
    0x080028b8   0x080028b8   0x0000000a   Code   RO          618    .text.HAL_GPIO_WritePin  stm32h7xx_hal_gpio.o
    0x080028c2   0x080028c2   0x00000006   PAD
    0x080028c8   0x080028c8   0x0000000e   Code   RO          932    .text.HAL_GetREVID  stm32h7xx_hal.o
    0x080028d6   0x080028d6   0x00000002   PAD
    0x080028d8   0x080028d8   0x0000000c   Code   RO          916    .text.HAL_GetTick   stm32h7xx_hal.o
    0x080028e4   0x080028e4   0x00000004   PAD
    0x080028e8   0x080028e8   0x0000004a   Code   RO          427    .text.HAL_I2CEx_ConfigAnalogFilter  stm32h7xx_hal_i2c_ex.o
    0x08002932   0x08002932   0x00000006   PAD
    0x08002938   0x08002938   0x00000048   Code   RO          429    .text.HAL_I2CEx_ConfigDigitalFilter  stm32h7xx_hal_i2c_ex.o
    0x08002980   0x08002980   0x000000b0   Code   RO          273    .text.HAL_I2C_Init  stm32h7xx_hal_i2c.o
    0x08002a30   0x08002a30   0x000001ae   Code   RO          289    .text.HAL_I2C_Master_Receive  stm32h7xx_hal_i2c.o
    0x08002bde   0x08002bde   0x00000002   PAD
    0x08002be0   0x08002be0   0x000001d6   Code   RO          281    .text.HAL_I2C_Master_Transmit  stm32h7xx_hal_i2c.o
    0x08002db6   0x08002db6   0x00000002   PAD
    0x08002db8   0x08002db8   0x00000092   Code   RO           45    .text.HAL_I2C_MspInit  i2c.o
    0x08002e4a   0x08002e4a   0x00000006   PAD
    0x08002e50   0x08002e50   0x0000001a   Code   RO          914    .text.HAL_IncTick   stm32h7xx_hal.o
    0x08002e6a   0x08002e6a   0x00000006   PAD
    0x08002e70   0x08002e70   0x00000064   Code   RO          904    .text.HAL_Init      stm32h7xx_hal.o
    0x08002ed4   0x08002ed4   0x00000004   PAD
    0x08002ed8   0x08002ed8   0x00000050   Code   RO          906    .text.HAL_InitTick  stm32h7xx_hal.o
    0x08002f28   0x08002f28   0x00000020   Code   RO          123    .text.HAL_MspInit   stm32h7xx_hal_msp.o
    0x08002f48   0x08002f48   0x00000022   Code   RO          225    .text.HAL_NVIC_EnableIRQ  stm32h7xx_hal_cortex.o
    0x08002f6a   0x08002f6a   0x00000006   PAD
    0x08002f70   0x08002f70   0x0000005a   Code   RO          223    .text.HAL_NVIC_SetPriority  stm32h7xx_hal_cortex.o
    0x08002fca   0x08002fca   0x00000006   PAD
    0x08002fd0   0x08002fd0   0x00000020   Code   RO          221    .text.HAL_NVIC_SetPriorityGrouping  stm32h7xx_hal_cortex.o
    0x08002ff0   0x08002ff0   0x0000004c   Code   RO          816    .text.HAL_PWREx_ConfigSupply  stm32h7xx_hal_pwr_ex.o
    0x0800303c   0x0800303c   0x00000004   PAD
    0x08003040   0x08003040   0x00000026   Code   RO          499    .text.HAL_RCCEx_GetD3PCLK1Freq  stm32h7xx_hal_rcc_ex.o
    0x08003066   0x08003066   0x00000002   PAD
    0x08003068   0x08003068   0x00000128   Code   RO          495    .text.HAL_RCCEx_GetPLL2ClockFreq  stm32h7xx_hal_rcc_ex.o
    0x08003190   0x08003190   0x00000128   Code   RO          497    .text.HAL_RCCEx_GetPLL3ClockFreq  stm32h7xx_hal_rcc_ex.o
    0x080032b8   0x080032b8   0x00000b0c   Code   RO          483    .text.HAL_RCCEx_PeriphCLKConfig  stm32h7xx_hal_rcc_ex.o
    0x08003dc4   0x08003dc4   0x00000004   PAD
    0x08003dc8   0x08003dc8   0x00000254   Code   RO          451    .text.HAL_RCC_ClockConfig  stm32h7xx_hal_rcc.o
    0x0800401c   0x0800401c   0x00000004   PAD
    0x08004020   0x08004020   0x0000004c   Code   RO          461    .text.HAL_RCC_GetHCLKFreq  stm32h7xx_hal_rcc.o
    0x0800406c   0x0800406c   0x00000004   PAD
    0x08004070   0x08004070   0x00000060   Code   RO          463    .text.HAL_RCC_GetPCLK1Freq  stm32h7xx_hal_rcc.o
    0x080040d0   0x080040d0   0x00000060   Code   RO          465    .text.HAL_RCC_GetPCLK2Freq  stm32h7xx_hal_rcc.o
    0x08004130   0x08004130   0x0000011c   Code   RO          453    .text.HAL_RCC_GetSysClockFreq  stm32h7xx_hal_rcc.o
    0x0800424c   0x0800424c   0x00000004   PAD
    0x08004250   0x08004250   0x0000056c   Code   RO          449    .text.HAL_RCC_OscConfig  stm32h7xx_hal_rcc.o
    0x080047bc   0x080047bc   0x00000004   PAD
    0x080047c0   0x080047c0   0x0000002e   Code   RO          233    .text.HAL_SYSTICK_Config  stm32h7xx_hal_cortex.o
    0x080047ee   0x080047ee   0x00000002   PAD
    0x080047f0   0x080047f0   0x00000002   Code   RO         1349    .text.HAL_TIMEx_Break2Callback  stm32h7xx_hal_tim_ex.o
    0x080047f2   0x080047f2   0x00000006   PAD
    0x080047f8   0x080047f8   0x00000002   Code   RO         1347    .text.HAL_TIMEx_BreakCallback  stm32h7xx_hal_tim_ex.o
    0x080047fa   0x080047fa   0x00000006   PAD
    0x08004800   0x08004800   0x00000002   Code   RO         1343    .text.HAL_TIMEx_CommutCallback  stm32h7xx_hal_tim_ex.o
    0x08004802   0x08004802   0x00000006   PAD
    0x08004808   0x08004808   0x000000ce   Code   RO         1331    .text.HAL_TIMEx_MasterConfigSynchronization  stm32h7xx_hal_tim_ex.o
    0x080048d6   0x080048d6   0x00000002   PAD
    0x080048d8   0x080048d8   0x00000060   Code   RO         1036    .text.HAL_TIM_Base_Init  stm32h7xx_hal_tim.o
    0x08004938   0x08004938   0x0000006e   Code   RO           62    .text.HAL_TIM_Base_MspInit  tim.o
    0x080049a6   0x080049a6   0x00000002   PAD
    0x080049a8   0x080049a8   0x000000ac   Code   RO         1046    .text.HAL_TIM_Base_Start  stm32h7xx_hal_tim.o
    0x08004a54   0x08004a54   0x00000004   PAD
    0x08004a58   0x08004a58   0x000000b4   Code   RO         1050    .text.HAL_TIM_Base_Start_IT  stm32h7xx_hal_tim.o
    0x08004b0c   0x08004b0c   0x00000004   PAD
    0x08004b10   0x08004b10   0x00000038   Code   RO         1048    .text.HAL_TIM_Base_Stop  stm32h7xx_hal_tim.o
    0x08004b48   0x08004b48   0x00000002   Code   RO         1172    .text.HAL_TIM_IC_CaptureCallback  stm32h7xx_hal_tim.o
    0x08004b4a   0x08004b4a   0x00000006   PAD
    0x08004b50   0x08004b50   0x0000016c   Code   RO         1170    .text.HAL_TIM_IRQHandler  stm32h7xx_hal_tim.o
    0x08004cbc   0x08004cbc   0x00000004   PAD
    0x08004cc0   0x08004cc0   0x00000002   Code   RO         1174    .text.HAL_TIM_OC_DelayElapsedCallback  stm32h7xx_hal_tim.o
    0x08004cc2   0x08004cc2   0x00000006   PAD
    0x08004cc8   0x08004cc8   0x00000002   Code   RO         1176    .text.HAL_TIM_PWM_PulseFinishedCallback  stm32h7xx_hal_tim.o
    0x08004cca   0x08004cca   0x00000006   PAD
    0x08004cd0   0x08004cd0   0x00000002   Code   RO          166    .text.HAL_TIM_PeriodElapsedCallback  time.o
    0x08004cd2   0x08004cd2   0x00000006   PAD
    0x08004cd8   0x08004cd8   0x00000002   Code   RO         1180    .text.HAL_TIM_TriggerCallback  stm32h7xx_hal_tim.o
    0x08004cda   0x08004cda   0x00000006   PAD
    0x08004ce0   0x08004ce0   0x00000036   Code   RO         1526    .text.HAL_UARTEx_DisableFifoMode  stm32h7xx_hal_uart_ex.o
    0x08004d16   0x08004d16   0x00000002   PAD
    0x08004d18   0x08004d18   0x00000098   Code   RO         1536    .text.HAL_UARTEx_ReceiveToIdle_DMA  stm32h7xx_hal_uart_ex.o
    0x08004db0   0x08004db0   0x0000001e   Code   RO          181    .text.HAL_UARTEx_RxEventCallback  uart.o
    0x08004dce   0x08004dce   0x00000002   PAD
    0x08004dd0   0x08004dd0   0x00000002   Code   RO         1512    .text.HAL_UARTEx_RxFifoFullCallback  stm32h7xx_hal_uart_ex.o
    0x08004dd2   0x08004dd2   0x00000006   PAD
    0x08004dd8   0x08004dd8   0x0000008c   Code   RO         1530    .text.HAL_UARTEx_SetRxFifoThreshold  stm32h7xx_hal_uart_ex.o
    0x08004e64   0x08004e64   0x00000004   PAD
    0x08004e68   0x08004e68   0x0000008c   Code   RO         1528    .text.HAL_UARTEx_SetTxFifoThreshold  stm32h7xx_hal_uart_ex.o
    0x08004ef4   0x08004ef4   0x00000004   PAD
    0x08004ef8   0x08004ef8   0x00000002   Code   RO         1514    .text.HAL_UARTEx_TxFifoEmptyCallback  stm32h7xx_hal_uart_ex.o
    0x08004efa   0x08004efa   0x00000006   PAD
    0x08004f00   0x08004f00   0x00000002   Code   RO         1510    .text.HAL_UARTEx_WakeupCallback  stm32h7xx_hal_uart_ex.o
    0x08004f02   0x08004f02   0x00000006   PAD
    0x08004f08   0x08004f08   0x00000002   Code   RO         1451    .text.HAL_UART_ErrorCallback  stm32h7xx_hal_uart.o
    0x08004f0a   0x08004f0a   0x00000006   PAD
    0x08004f10   0x08004f10   0x0000068a   Code   RO         1447    .text.HAL_UART_IRQHandler  stm32h7xx_hal_uart.o
    0x0800559a   0x0800559a   0x00000006   PAD
    0x080055a0   0x080055a0   0x00000064   Code   RO         1363    .text.HAL_UART_Init  stm32h7xx_hal_uart.o
    0x08005604   0x08005604   0x00000004   PAD
    0x08005608   0x08005608   0x000000dc   Code   RO           78    .text.HAL_UART_MspInit  usart.o
    0x080056e4   0x080056e4   0x00000004   PAD
    0x080056e8   0x080056e8   0x00000002   Code   RO         1459    .text.HAL_UART_RxCpltCallback  stm32h7xx_hal_uart.o
    0x080056ea   0x080056ea   0x00000006   PAD
    0x080056f0   0x080056f0   0x00000002   Code   RO         1461    .text.HAL_UART_RxHalfCpltCallback  stm32h7xx_hal_uart.o
    0x080056f2   0x080056f2   0x00000006   PAD
    0x080056f8   0x080056f8   0x0000016c   Code   RO         1383    .text.HAL_UART_Transmit  stm32h7xx_hal_uart.o
    0x08005864   0x08005864   0x00000004   PAD
    0x08005868   0x08005868   0x00000002   Code   RO         1455    .text.HAL_UART_TxCpltCallback  stm32h7xx_hal_uart.o
    0x0800586a   0x0800586a   0x00000006   PAD
    0x08005870   0x08005870   0x00000002   Code   RO           94    .text.HardFault_Handler  stm32h7xx_it.o
    0x08005872   0x08005872   0x00000006   PAD
    0x08005878   0x08005878   0x000000e4   Code   RO          210    .text.Hcsr04Read    hcsr04.o
    0x0800595c   0x0800595c   0x00000004   PAD
    0x08005960   0x08005960   0x00000160   Code   RO          417    .text.I2C_IsErrorOccurred  stm32h7xx_hal_i2c.o
    0x08005ac0   0x08005ac0   0x000000e4   Code   RO          283    .text.I2C_WaitOnFlagUntilTimeout  stm32h7xx_hal_i2c.o
    0x08005ba4   0x08005ba4   0x00000004   PAD
    0x08005ba8   0x08005ba8   0x000000d6   Code   RO          291    .text.I2C_WaitOnRXNEFlagUntilTimeout  stm32h7xx_hal_i2c.o
    0x08005c7e   0x08005c7e   0x00000002   PAD
    0x08005c80   0x08005c80   0x0000007c   Code   RO          287    .text.I2C_WaitOnSTOPFlagUntilTimeout  stm32h7xx_hal_i2c.o
    0x08005cfc   0x08005cfc   0x00000004   PAD
    0x08005d00   0x08005d00   0x00000098   Code   RO          285    .text.I2C_WaitOnTXISFlagUntilTimeout  stm32h7xx_hal_i2c.o
    0x08005d98   0x08005d98   0x000000d2   Code   RO          155    .text.KeyScan       key.o
    0x08005e6a   0x08005e6a   0x00000006   PAD
    0x08005e70   0x08005e70   0x00000038   Code   RO          147    .text.LedInit       led.o
    0x08005ea8   0x08005ea8   0x00000034   Code   RO           34    .text.MX_DMA_Init   dma.o
    0x08005edc   0x08005edc   0x00000004   PAD
    0x08005ee0   0x08005ee0   0x000000f2   Code   RO           25    .text.MX_GPIO_Init  gpio.o
    0x08005fd2   0x08005fd2   0x00000006   PAD
    0x08005fd8   0x08005fd8   0x0000006a   Code   RO           43    .text.MX_I2C1_Init  i2c.o
    0x08006042   0x08006042   0x00000006   PAD
    0x08006048   0x08006048   0x00000050   Code   RO           58    .text.MX_TIM6_Init  tim.o
    0x08006098   0x08006098   0x00000050   Code   RO           60    .text.MX_TIM7_Init  tim.o
    0x080060e8   0x080060e8   0x0000007c   Code   RO           76    .text.MX_USART1_UART_Init  usart.o
    0x08006164   0x08006164   0x00000004   PAD
    0x08006168   0x08006168   0x00000002   Code   RO           96    .text.MemManage_Handler  stm32h7xx_it.o
    0x0800616a   0x0800616a   0x00000006   PAD
    0x08006170   0x08006170   0x00000002   Code   RO           92    .text.NMI_Handler   stm32h7xx_it.o
    0x08006172   0x08006172   0x00000006   PAD
    0x08006178   0x08006178   0x00000002   Code   RO          106    .text.PendSV_Handler  stm32h7xx_it.o
    0x0800617a   0x0800617a   0x00000006   PAD
    0x08006180   0x08006180   0x00000122   Code   RO          485    .text.RCCEx_PLL2_Config  stm32h7xx_hal_rcc_ex.o
    0x080062a2   0x080062a2   0x00000006   PAD
    0x080062a8   0x080062a8   0x00000122   Code   RO          487    .text.RCCEx_PLL3_Config  stm32h7xx_hal_rcc_ex.o
    0x080063ca   0x080063ca   0x00000006   PAD
    0x080063d0   0x080063d0   0x00000002   Code   RO          102    .text.SVC_Handler   stm32h7xx_it.o
    0x080063d2   0x080063d2   0x00000006   PAD
    0x080063d8   0x080063d8   0x00000040   Code   RO          192    .text.SensorInit    shtx.o
    0x08006418   0x08006418   0x000000b4   Code   RO          196    .text.SensorShow    shtx.o
    0x080064cc   0x080064cc   0x00000004   PAD
    0x080064d0   0x080064d0   0x00000004   Code   RO          108    .text.SysTick_Handler  stm32h7xx_it.o
    0x080064d4   0x080064d4   0x00000004   PAD
    0x080064d8   0x080064d8   0x00000016   Code   RO          131    .text.Sys_Init      bsp.o
    0x080064ee   0x080064ee   0x00000002   PAD
    0x080064f0   0x080064f0   0x00000012   Code   RO          133    .text.Sys_Run       bsp.o
    0x08006502   0x08006502   0x00000006   PAD
    0x08006508   0x08006508   0x000000d8   Code   RO           13    .text.SystemClock_Config  main.o
    0x080065e0   0x080065e0   0x000000cc   Code   RO         1549    .text.SystemInit    system_stm32h7xx.o
    0x080066ac   0x080066ac   0x00000004   PAD
    0x080066b0   0x080066b0   0x0000000c   Code   RO          114    .text.TIM6_DAC_IRQHandler  stm32h7xx_it.o
    0x080066bc   0x080066bc   0x00000004   PAD
    0x080066c0   0x080066c0   0x0000014e   Code   RO         1040    .text.TIM_Base_SetConfig  stm32h7xx_hal_tim.o
    0x0800680e   0x0800680e   0x00000002   PAD
    0x08006810   0x08006810   0x00000028   Code   RO          164    .text.TimerInit     time.o
    0x08006838   0x08006838   0x000000e0   Code   RO         1367    .text.UART_AdvFeatureConfig  stm32h7xx_hal_uart.o
    0x08006918   0x08006918   0x0000016e   Code   RO         1371    .text.UART_CheckIdleState  stm32h7xx_hal_uart.o
    0x08006a86   0x08006a86   0x00000002   PAD
    0x08006a88   0x08006a88   0x00000006   Code   RO         1449    .text.UART_DMAAbortOnError  stm32h7xx_hal_uart.o
    0x08006a8e   0x08006a8e   0x00000002   PAD
    0x08006a90   0x08006a90   0x000001ea   Code   RO         1409    .text.UART_DMAError  stm32h7xx_hal_uart.o
    0x08006c7a   0x08006c7a   0x00000006   PAD
    0x08006c80   0x08006c80   0x00000198   Code   RO         1493    .text.UART_DMAReceiveCplt  stm32h7xx_hal_uart.o
    0x08006e18   0x08006e18   0x00000038   Code   RO         1495    .text.UART_DMARxHalfCplt  stm32h7xx_hal_uart.o
    0x08006e50   0x08006e50   0x00000488   Code   RO         1369    .text.UART_SetConfig  stm32h7xx_hal_uart.o
    0x080072d8   0x080072d8   0x00000154   Code   RO         1413    .text.UART_Start_Receive_DMA  stm32h7xx_hal_uart.o
    0x0800742c   0x0800742c   0x00000004   PAD
    0x08007430   0x08007430   0x00000358   Code   RO         1385    .text.UART_WaitOnFlagUntilTimeout  stm32h7xx_hal_uart.o
    0x08007788   0x08007788   0x0000000c   Code   RO          112    .text.USART1_IRQHandler  stm32h7xx_it.o
    0x08007794   0x08007794   0x00000004   PAD
    0x08007798   0x08007798   0x00000038   Code   RO          177    .text.UartInit      uart.o
    0x080077d0   0x080077d0   0x0000006c   Code   RO          179    .text.UartProc      uart.o
    0x0800783c   0x0800783c   0x00000004   PAD
    0x08007840   0x08007840   0x00000002   Code   RO          100    .text.UsageFault_Handler  stm32h7xx_it.o
    0x08007842   0x08007842   0x00000006   PAD
    0x08007848   0x08007848   0x0000004a   Code   RO          135    .text.delay_us      bsp.o
    0x08007892   0x08007892   0x00000006   PAD
    0x08007898   0x08007898   0x00000020   Code   RO          175    .text.fputc         uart.o
    0x080078b8   0x080078b8   0x0000002a   Code   RO           11    .text.main          main.o
    0x080078e2   0x080078e2   0x00000002   PAD
    0x080078e4   0x080078e4   0x00000020   Code   RO         1806    i.__0printf         mc_w.l(printfa.o)
    0x08007904   0x08007904   0x0000000e   Code   RO         1883    i.__scatterload_copy  mc_w.l(handlers.o)
    0x08007912   0x08007912   0x00000002   Code   RO         1884    i.__scatterload_null  mc_w.l(handlers.o)
    0x08007914   0x08007914   0x0000000e   Code   RO         1885    i.__scatterload_zeroinit  mc_w.l(handlers.o)
    0x08007922   0x08007922   0x00000002   PAD
    0x08007924   0x08007924   0x00000184   Code   RO         1813    i._fp_digits        mc_w.l(printfa.o)
    0x08007aa8   0x08007aa8   0x000006dc   Code   RO         1814    i._printf_core      mc_w.l(printfa.o)
    0x08008184   0x08008184   0x00000024   Code   RO         1815    i._printf_post_padding  mc_w.l(printfa.o)
    0x080081a8   0x080081a8   0x0000002e   Code   RO         1816    i._printf_pre_padding  mc_w.l(printfa.o)
    0x080081d6   0x080081d6   0x00000002   PAD
    0x080081d8   0x080081d8   0x00000024   Code   RO         1565    i.puts              mc_w.l(puts.o)
    0x080081fc   0x080081fc   0x00000006   Data   RO         1498    .rodata..Lswitch.table.UART_SetConfig.5  stm32h7xx_hal_uart.o
    0x08008202   0x08008202   0x00000006   Data   RO         1499    .rodata..Lswitch.table.UART_SetConfig.7  stm32h7xx_hal_uart.o
    0x08008208   0x08008208   0x00000010   Data   RO         1553    .rodata.D1CorePrescTable  system_stm32h7xx.o
    0x08008218   0x08008218   0x00000018   Data   RO         1497    .rodata.UARTPrescTable  stm32h7xx_hal_uart.o
    0x08008230   0x08008230   0x00000010   Data   RO         1540    .rodata.cst8        stm32h7xx_hal_uart_ex.o
    0x08008240   0x08008240   0x00000020   Data   RO         1882    Region$$Table       anon$$obj.o


    Execution Region RW_IRAM1 (Exec base: 0x20000000, Load base: 0x08008260, Size: 0x00000000, Max: 0x00020000, ABSOLUTE)

    **** No section assigned to this execution region ****


    Execution Region RW_IRAM2 (Exec base: 0x24000000, Load base: 0x08008260, Size: 0x000006b8, Max: 0x00080000, ABSOLUTE)

    Exec Addr    Load Addr    Size         Type   Attr      Idx    E Section Name        Object

    0x24000000   0x08008260   0x00000004   Data   RW         1848    .data               mc_w.l(stdout.o)
    0x24000004   0x08008264   0x00000008   Data   RW         1001    .data..L_MergedGlobals  stm32h7xx_hal.o
    0x2400000c   0x0800826c   0x00000008   Data   RW         1554    .data..L_MergedGlobals  system_stm32h7xx.o
    0x24000014   0x08008274   0x00000002   Data   RW          199    .data.SHT3X_Fetchcommand_Buffer  shtx.o
    0x24000016   0x08008276   0x00000002   Data   RW          198    .data.SHT3X_Modecommand_Buffer  shtx.o
    0x24000018   0x08008278   0x00000008   PAD
    0x24000020        -       0x0000000c   Zero   RW          157    .bss..L_MergedGlobals  key.o
    0x2400002c   0x08008278   0x00000014   PAD
    0x24000040        -       0x00000060   Zero   RW          183    .bss..L_MergedGlobals  uart.o
    0x240000a0        -       0x0000000e   Zero   RW          200    .bss..L_MergedGlobals  shtx.o
    0x240000ae   0x08008278   0x00000002   PAD
    0x240000b0        -       0x00000008   Zero   RW          212    .bss..L_MergedGlobals  hcsr04.o
    0x240000b8        -       0x00000078   Zero   RW           83    .bss.hdma_usart1_rx  usart.o
    0x24000130        -       0x00000054   Zero   RW           49    .bss.hi2c1          i2c.o
    0x24000184        -       0x0000004c   Zero   RW           66    .bss.htim6          tim.o
    0x240001d0        -       0x0000004c   Zero   RW           67    .bss.htim7          tim.o
    0x2400021c        -       0x00000094   Zero   RW           82    .bss.huart1         usart.o
    0x240002b0        -       0x00000004   Zero   RW         1000    .bss.uwTick         stm32h7xx_hal.o
    0x240002b4   0x08008278   0x00000004   PAD
    0x240002b8        -       0x00000400   Zero   RW            1    STACK               startup_stm32h743xx.o


==============================================================================

Image component sizes


      Code (inc. data)   RO Data    RW Data    ZI Data      Debug   Object Name

       114          0          0          0          0       2197   bsp.o
        52          0          0          0          0       5482   dma.o
       242          0          0          0          0       3028   gpio.o
       228         36          0          0          8       2645   hcsr04.o
       252          0          0          0         84       8194   i2c.o
       210          0          0          0         12       1510   key.o
        56         16          0          0          0       1121   led.o
       264          0          0          0          0       3328   main.o
       244         48          0          4         14       2048   shtx.o
        36          8        664          0       1024        836   startup_stm32h743xx.o
       232          0          0          8          4      15089   stm32h7xx_hal.o
       202          0          0          0          0      12526   stm32h7xx_hal_cortex.o
      7736         12          0          0          0      18531   stm32h7xx_hal_dma.o
       518          0          0          0          0       7221   stm32h7xx_hal_gpio.o
      2146          0          0          0          0      65396   stm32h7xx_hal_i2c.o
       146          0          0          0          0       7586   stm32h7xx_hal_i2c_ex.o
        32          0          0          0          0       2233   stm32h7xx_hal_msp.o
        76          0          0          0          0      10833   stm32h7xx_hal_pwr_ex.o
      2536         24          0          0          0      12054   stm32h7xx_hal_rcc.o
      4038        150          0          0          0      20383   stm32h7xx_hal_rcc_ex.o
      1210          0          0          0          0      68673   stm32h7xx_hal_tim.o
       212          0          0          0          0      26043   stm32h7xx_hal_tim_ex.o
      6052        332         36          0          0      43865   stm32h7xx_hal_uart.o
       492          0         16          0          0      11580   stm32h7xx_hal_uart_ex.o
        56          0          0          0          0       6826   stm32h7xx_it.o
       204          0         16          8          0       5901   system_stm32h7xx.o
       270          0          0          0        152      10090   tim.o
        42         16          0          0          0       4371   time.o
       226         24          0          0         96       6878   uart.o
       344          0          0          0        268      11662   usart.o

    ----------------------------------------------------------------------
     28872        682        764         20       1696     398130   Object Totals
         0          0         32          0          0          0   (incl. Generated)
       404         16          0          0         34          0   (incl. Padding)

    ----------------------------------------------------------------------

      Code (inc. data)   RO Data    RW Data    ZI Data      Debug   Library Member Name

         0          0          0          0          0          0   entry.o
         0          0          0          0          0          0   entry10a.o
         0          0          0          0          0          0   entry11a.o
         8          4          0          0          0          0   entry2.o
         4          0          0          0          0          0   entry5.o
         0          0          0          0          0          0   entry7b.o
         0          0          0          0          0          0   entry8b.o
         8          4          0          0          0          0   entry9a.o
        30          0          0          0          0          0   handlers.o
        48         10          0          0          0         68   init.o
         0          0          0          0          0          0   iusefp.o
        30          0          0          0          0         68   llshl.o
        36          0          0          0          0         68   llsshr.o
        32          0          0          0          0         68   llushr.o
        36          0          0          0          0        108   memseta.o
      2258         90          0          0          0        452   printfa.o
        36          6          0          0          0         80   puts.o
         0          0          0          4          0          0   stdout.o
        44          0          0          0          0         80   uidiv.o
        98          0          0          0          0         92   uldiv.o
        48          0          0          0          0         68   cdrcmple.o
       334          0          0          0          0        148   dadd.o
       222          0          0          0          0        100   ddiv.o
       186          0          0          0          0        176   depilogue.o
        48          0          0          0          0         68   dfixul.o
       228          0          0          0          0         96   dmul.o

    ----------------------------------------------------------------------
      3740        114          0          4          0       1740   Library Totals
         6          0          0          0          0          0   (incl. Padding)

    ----------------------------------------------------------------------

      Code (inc. data)   RO Data    RW Data    ZI Data      Debug   Library Name

      2668        114          0          4          0       1084   mc_w.l
      1066          0          0          0          0        656   mf_w.l

    ----------------------------------------------------------------------
      3740        114          0          4          0       1740   Library Totals

    ----------------------------------------------------------------------

==============================================================================


      Code (inc. data)   RO Data    RW Data    ZI Data      Debug   

     32612        796        764         24       1696     398630   Grand Totals
     32612        796        764         24       1696     398630   ELF Image Totals
     32612        796        764         24          0          0   ROM Totals

==============================================================================

    Total RO  Size (Code + RO Data)                33376 (  32.59kB)
    Total RW  Size (RW Data + ZI Data)              1720 (   1.68kB)
    Total ROM Size (Code + RO Data + RW Data)      33400 (  32.62kB)

==============================================================================

